Archive member included to satisfy reference by file (symbol)

C:/ST/STM32CubeIDE_1.15.0/STM32CubeIDE/plugins/com.st.stm32cube.ide.mcu.externaltools.gnu-tools-for-stm32.12.3.rel1.win32_1.1.0.202410251130/tools/bin/../lib/gcc/arm-none-eabi/12.3.1/../../../../arm-none-eabi/lib/thumb/v7e-m+fp/hard\libc_nano.a(libc_a-calloc.o)
                              ./Core/Src/DelayFilter.o (calloc)
C:/ST/STM32CubeIDE_1.15.0/STM32CubeIDE/plugins/com.st.stm32cube.ide.mcu.externaltools.gnu-tools-for-stm32.12.3.rel1.win32_1.1.0.202410251130/tools/bin/../lib/gcc/arm-none-eabi/12.3.1/../../../../arm-none-eabi/lib/thumb/v7e-m+fp/hard\libc_nano.a(libc_a-callocr.o)
                              C:/ST/STM32CubeIDE_1.15.0/STM32CubeIDE/plugins/com.st.stm32cube.ide.mcu.externaltools.gnu-tools-for-stm32.12.3.rel1.win32_1.1.0.202410251130/tools/bin/../lib/gcc/arm-none-eabi/12.3.1/../../../../arm-none-eabi/lib/thumb/v7e-m+fp/hard\libc_nano.a(libc_a-calloc.o) (_calloc_r)
C:/ST/STM32CubeIDE_1.15.0/STM32CubeIDE/plugins/com.st.stm32cube.ide.mcu.externaltools.gnu-tools-for-stm32.12.3.rel1.win32_1.1.0.202410251130/tools/bin/../lib/gcc/arm-none-eabi/12.3.1/../../../../arm-none-eabi/lib/thumb/v7e-m+fp/hard\libc_nano.a(libc_a-exit.o)
                              C:/ST/STM32CubeIDE_1.15.0/STM32CubeIDE/plugins/com.st.stm32cube.ide.mcu.externaltools.gnu-tools-for-stm32.12.3.rel1.win32_1.1.0.202410251130/tools/bin/../lib/gcc/arm-none-eabi/12.3.1/../../../../arm-none-eabi/lib/thumb/v7e-m+fp/hard/crt0.o (exit)
C:/ST/STM32CubeIDE_1.15.0/STM32CubeIDE/plugins/com.st.stm32cube.ide.mcu.externaltools.gnu-tools-for-stm32.12.3.rel1.win32_1.1.0.202410251130/tools/bin/../lib/gcc/arm-none-eabi/12.3.1/../../../../arm-none-eabi/lib/thumb/v7e-m+fp/hard\libc_nano.a(libc_a-mallocr.o)
                              C:/ST/STM32CubeIDE_1.15.0/STM32CubeIDE/plugins/com.st.stm32cube.ide.mcu.externaltools.gnu-tools-for-stm32.12.3.rel1.win32_1.1.0.202410251130/tools/bin/../lib/gcc/arm-none-eabi/12.3.1/../../../../arm-none-eabi/lib/thumb/v7e-m+fp/hard\libc_nano.a(libc_a-callocr.o) (_malloc_r)
C:/ST/STM32CubeIDE_1.15.0/STM32CubeIDE/plugins/com.st.stm32cube.ide.mcu.externaltools.gnu-tools-for-stm32.12.3.rel1.win32_1.1.0.202410251130/tools/bin/../lib/gcc/arm-none-eabi/12.3.1/../../../../arm-none-eabi/lib/thumb/v7e-m+fp/hard\libc_nano.a(libc_a-mlock.o)
                              C:/ST/STM32CubeIDE_1.15.0/STM32CubeIDE/plugins/com.st.stm32cube.ide.mcu.externaltools.gnu-tools-for-stm32.12.3.rel1.win32_1.1.0.202410251130/tools/bin/../lib/gcc/arm-none-eabi/12.3.1/../../../../arm-none-eabi/lib/thumb/v7e-m+fp/hard\libc_nano.a(libc_a-mallocr.o) (__malloc_lock)
C:/ST/STM32CubeIDE_1.15.0/STM32CubeIDE/plugins/com.st.stm32cube.ide.mcu.externaltools.gnu-tools-for-stm32.12.3.rel1.win32_1.1.0.202410251130/tools/bin/../lib/gcc/arm-none-eabi/12.3.1/../../../../arm-none-eabi/lib/thumb/v7e-m+fp/hard\libc_nano.a(libc_a-realloc.o)
                              ./Core/Src/DelayFilter.o (realloc)
C:/ST/STM32CubeIDE_1.15.0/STM32CubeIDE/plugins/com.st.stm32cube.ide.mcu.externaltools.gnu-tools-for-stm32.12.3.rel1.win32_1.1.0.202410251130/tools/bin/../lib/gcc/arm-none-eabi/12.3.1/../../../../arm-none-eabi/lib/thumb/v7e-m+fp/hard\libc_nano.a(libc_a-reallocr.o)
                              C:/ST/STM32CubeIDE_1.15.0/STM32CubeIDE/plugins/com.st.stm32cube.ide.mcu.externaltools.gnu-tools-for-stm32.12.3.rel1.win32_1.1.0.202410251130/tools/bin/../lib/gcc/arm-none-eabi/12.3.1/../../../../arm-none-eabi/lib/thumb/v7e-m+fp/hard\libc_nano.a(libc_a-realloc.o) (_realloc_r)
C:/ST/STM32CubeIDE_1.15.0/STM32CubeIDE/plugins/com.st.stm32cube.ide.mcu.externaltools.gnu-tools-for-stm32.12.3.rel1.win32_1.1.0.202410251130/tools/bin/../lib/gcc/arm-none-eabi/12.3.1/../../../../arm-none-eabi/lib/thumb/v7e-m+fp/hard\libc_nano.a(libc_a-findfp.o)
                              C:/ST/STM32CubeIDE_1.15.0/STM32CubeIDE/plugins/com.st.stm32cube.ide.mcu.externaltools.gnu-tools-for-stm32.12.3.rel1.win32_1.1.0.202410251130/tools/bin/../lib/gcc/arm-none-eabi/12.3.1/../../../../arm-none-eabi/lib/thumb/v7e-m+fp/hard\libc_nano.a(libc_a-exit.o) (__stdio_exit_handler)
C:/ST/STM32CubeIDE_1.15.0/STM32CubeIDE/plugins/com.st.stm32cube.ide.mcu.externaltools.gnu-tools-for-stm32.12.3.rel1.win32_1.1.0.202410251130/tools/bin/../lib/gcc/arm-none-eabi/12.3.1/../../../../arm-none-eabi/lib/thumb/v7e-m+fp/hard\libc_nano.a(libc_a-fwalk.o)
                              C:/ST/STM32CubeIDE_1.15.0/STM32CubeIDE/plugins/com.st.stm32cube.ide.mcu.externaltools.gnu-tools-for-stm32.12.3.rel1.win32_1.1.0.202410251130/tools/bin/../lib/gcc/arm-none-eabi/12.3.1/../../../../arm-none-eabi/lib/thumb/v7e-m+fp/hard\libc_nano.a(libc_a-findfp.o) (_fwalk_sglue)
C:/ST/STM32CubeIDE_1.15.0/STM32CubeIDE/plugins/com.st.stm32cube.ide.mcu.externaltools.gnu-tools-for-stm32.12.3.rel1.win32_1.1.0.202410251130/tools/bin/../lib/gcc/arm-none-eabi/12.3.1/../../../../arm-none-eabi/lib/thumb/v7e-m+fp/hard\libc_nano.a(libc_a-stdio.o)
[...]
Memory Configuration

Name             Origin             Length             Attributes
RAM              0x20000000         0x00018000         xrw
RAM2             0x10000000         0x00008000         xrw
FLASH            0x08000000         0x00100000         xr
*default*        0x00000000         0xffffffff

Linker script and memory map

LOAD C:/ST/STM32CubeIDE_1.15.0/STM32CubeIDE/plugins/com.st.stm32cube.ide.mcu.externaltools.gnu-tools-for-stm32.12.3.rel1.win32_1.1.0.202410251130/tools/bin/../lib/gcc/arm-none-eabi/12.3.1/thumb/v7e-m+fp/hard/crti.o
LOAD C:/ST/STM32CubeIDE_1.15.0/STM32CubeIDE/plugins/com.st.stm32cube.ide.mcu.externaltools.gnu-tools-for-stm32.12.3.rel1.win32_1.1.0.202410251130/tools/bin/../lib/gcc/arm-none-eabi/12.3.1/thumb/v7e-m+fp/hard/crtbegin.o
LOAD C:/ST/STM32CubeIDE_1.15.0/STM32CubeIDE/plugins/com.st.stm32cube.ide.mcu.externaltools.gnu-tools-for-stm32.12.3.rel1.win32_1.1.0.202410251130/tools/bin/../lib/gcc/arm-none-eabi/12.3.1/../../../../arm-none-eabi/lib/thumb/v7e-m+fp/hard/crt0.o
LOAD ./Core/Src/ADC.o
LOAD ./Core/Src/DAC.o
LOAD ./Core/Src/DAC1_CH1.o
LOAD ./Core/Src/DMA.o
LOAD ./Core/Src/DelayFilter.o
LOAD ./Core/Src/Keypad.o
LOAD ./Core/Src/LED_Debug.o
LOAD ./Core/Src/LPF.o
LOAD ./Core/Src/TIM.o
LOAD ./Core/Src/main.o
LOAD ./Core/Src/stm32l4xx_hal_msp.o
LOAD ./Core/Src/stm32l4xx_it.o
LOAD ./Core/Src/syscalls.o
LOAD ./Core/Src/sysmem.o
LOAD ./Core/Src/system_stm32l4xx.o
LOAD ./Core/Startup/startup_stm32l476rgtx.o
LOAD ./Drivers/STM32L4xx_HAL_Driver/Src/stm32l4xx_hal.o
LOAD ./Drivers/STM32L4xx_HAL_Driver/Src/stm32l4xx_hal_cortex.o
LOAD ./Drivers/STM32L4xx_HAL_Driver/Src/stm32l4xx_hal_dma.o
LOAD ./Drivers/STM32L4xx_HAL_Driver/Src/stm32l4xx_hal_dma_ex.o
LOAD ./Drivers/STM32L4xx_HAL_Driver/Src/stm32l4xx_hal_exti.o
LOAD ./Drivers/STM32L4xx_HAL_Driver/Src/stm32l4xx_hal_flash.o
LOAD ./Drivers/STM32L4xx_HAL_Driver/Src/stm32l4xx_hal_flash_ex.o
LOAD ./Drivers/STM32L4xx_HAL_Driver/Src/stm32l4xx_hal_flash_ramfunc.o
LOAD ./Drivers/STM32L4xx_HAL_Driver/Src/stm32l4xx_hal_gpio.o
LOAD ./Drivers/STM32L4xx_HAL_Driver/Src/stm32l4xx_hal_i2c.o
LOAD ./Drivers/STM32L4xx_HAL_Driver/Src/stm32l4xx_hal_i2c_ex.o
LOAD ./Drivers/STM32L4xx_HAL_Driver/Src/stm32l4xx_hal_pwr.o
LOAD ./Drivers/STM32L4xx_HAL_Driver/Src/stm32l4xx_hal_pwr_ex.o
LOAD ./Drivers/STM32L4xx_HAL_Driver/Src/stm32l4xx_hal_rcc.o
LOAD ./Drivers/STM32L4xx_HAL_Driver/Src/stm32l4xx_hal_rcc_ex.o
LOAD C:\Users\vicer\STM32CubeIDE\workspace_1.15.0\FXpedal\Lib\libarm_cortexM4lf_math.a
START GROUP
LOAD C:/ST/STM32CubeIDE_1.15.0/STM32CubeIDE/plugins/com.st.stm32cube.ide.mcu.externaltools.gnu-tools-for-stm32.12.3.rel1.win32_1.1.0.202410251130/tools/bin/../lib/gcc/arm-none-eabi/12.3.1/../../../../arm-none-eabi/lib/thumb/v7e-m+fp/hard\libc_nano.a
LOAD C:/ST/STM32CubeIDE_1.15.0/STM32CubeIDE/plugins/com.st.stm32cube.ide.mcu.externaltools.gnu-tools-for-stm32.12.3.rel1.win32_1.1.0.202410251130/tools/bin/../lib/gcc/arm-none-eabi/12.3.1/../../../../arm-none-eabi/lib/thumb/v7e-m+fp/hard\libm.a
END GROUP
START GROUP
LOAD C:/ST/STM32CubeIDE_1.15.0/STM32CubeIDE/plugins/com.st.stm32cube.ide.mcu.externaltools.gnu-tools-for-stm32.12.3.rel1.win32_1.1.0.202410251130/tools/bin/../lib/gcc/arm-none-eabi/12.3.1/thumb/v7e-m+fp/hard\libgcc.a
LOAD C:/ST/STM32CubeIDE_1.15.0/STM32CubeIDE/plugins/com.st.stm32cube.ide.mcu.externaltools.gnu-tools-for-stm32.12.3.rel1.win32_1.1.0.202410251130/tools/bin/../lib/gcc/arm-none-eabi/12.3.1/../../../../arm-none-eabi/lib/thumb/v7e-m+fp/hard\libc_nano.a
END GROUP
START GROUP
LOAD C:/ST/STM32CubeIDE_1.15.0/STM32CubeIDE/plugins/com.st.stm32cube.ide.mcu.externaltools.gnu-tools-for-stm32.12.3.rel1.win32_1.1.0.202410251130/tools/bin/../lib/gcc/arm-none-eabi/12.3.1/thumb/v7e-m+fp/hard\libgcc.a
LOAD C:/ST/STM32CubeIDE_1.15.0/STM32CubeIDE/plugins/com.st.stm32cube.ide.mcu.externaltools.gnu-tools-for-stm32.12.3.rel1.win32_1.1.0.202410251130/tools/bin/../lib/gcc/arm-none-eabi/12.3.1/../../../../arm-none-eabi/lib/thumb/v7e-m+fp/hard\libc_nano.a
LOAD C:/ST/STM32CubeIDE_1.15.0/STM32CubeIDE/plugins/com.st.stm32cube.ide.mcu.externaltools.gnu-tools-for-stm32.12.3.rel1.win32_1.1.0.202410251130/tools/bin/../lib/gcc/arm-none-eabi/12.3.1/../../../../arm-none-eabi/lib/thumb/v7e-m+fp/hard\libnosys.a
END GROUP
START GROUP
LOAD C:/ST/STM32CubeIDE_1.15.0/STM32CubeIDE/plugins/com.st.stm32cube.ide.mcu.externaltools.gnu-tools-for-stm32.12.3.rel1.win32_1.1.0.202410251130/tools/bin/../lib/gcc/arm-none-eabi/12.3.1/thumb/v7e-m+fp/hard\libgcc.a
LOAD C:/ST/STM32CubeIDE_1.15.0/STM32CubeIDE/plugins/com.st.stm32cube.ide.mcu.externaltools.gnu-tools-for-stm32.12.3.rel1.win32_1.1.0.202410251130/tools/bin/../lib/gcc/arm-none-eabi/12.3.1/../../../../arm-none-eabi/lib/thumb/v7e-m+fp/hard\libc_nano.a
LOAD C:/ST/STM32CubeIDE_1.15.0/STM32CubeIDE/plugins/com.st.stm32cube.ide.mcu.externaltools.gnu-tools-for-stm32.12.3.rel1.win32_1.1.0.202410251130/tools/bin/../lib/gcc/arm-none-eabi/12.3.1/../../../../arm-none-eabi/lib/thumb/v7e-m+fp/hard\libnosys.a
END GROUP
LOAD C:/ST/STM32CubeIDE_1.15.0/STM32CubeIDE/plugins/com.st.stm32cube.ide.mcu.externaltools.gnu-tools-for-stm32.12.3.rel1.win32_1.1.0.202410251130/tools/bin/../lib/gcc/arm-none-eabi/12.3.1/thumb/v7e-m+fp/hard/crtend.o
LOAD C:/ST/STM32CubeIDE_1.15.0/STM32CubeIDE/plugins/com.st.stm32cube.ide.mcu.externaltools.gnu-tools-for-stm32.12.3.rel1.win32_1.1.0.202410251130/tools/bin/../lib/gcc/arm-none-eabi/12.3.1/thumb/v7e-m+fp/hard/crtn.o
                0x20018000                        _estack = (ORIGIN (RAM) + LENGTH (RAM))
                0x00000200                        _Min_Heap_Size = 0x200
                0x00000400                        _Min_Stack_Size = 0x400

.isr_vector     0x08000000      0x188
                0x08000000                        . = ALIGN (0x4)
 *(.isr_vector)
 .isr_vector    0x08000000      0x188 ./Core/Startup/startup_stm32l476rgtx.o
                0x08000000                g_pfnVectors
                0x08000188                        . = ALIGN (0x4)

.text           0x08000188     0x260c
                0x08000188                        . = ALIGN (0x4)
 *(.text)
 .text          0x08000188       0x40 C:/ST/STM32CubeIDE_1.15.0/STM32CubeIDE/plugins/com.st.stm32cube.ide.mcu.externaltools.gnu-tools-for-stm32.12.3.rel1.win32_1.1.0.202410251130/tools/bin/../lib/gcc/arm-none-eabi/12.3.1/thumb/v7e-m+fp/hard/crtbegin.o
 .text          0x080001c8      0x378 C:/ST/STM32CubeIDE_1.15.0/STM32CubeIDE/plugins/com.st.stm32cube.ide.mcu.externaltools.gnu-tools-for-stm32.12.3.rel1.win32_1.1.0.202410251130/tools/bin/../lib/gcc/arm-none-eabi/12.3.1/thumb/v7e-m+fp/hard\libgcc.a(_arm_addsubdf3.o)
                0x080001c8                __aeabi_drsub
                0x080001d0                __aeabi_dsub
                0x080001d0                __subdf3
                0x080001d4                __aeabi_dadd
                0x080001d4                __adddf3
                0x0800044c                __floatunsidf
                0x0800044c                __aeabi_ui2d
                0x0800046c                __floatsidf
                0x0800046c                __aeabi_i2d
                0x08000490                __aeabi_f2d
                0x08000490                __extendsfdf2
                0x080004d4                __floatundidf
                0x080004d4                __aeabi_ul2d
                0x080004e4                __floatdidf
                0x080004e4                __aeabi_l2d
 .text          0x08000540      0x424 C:/ST/STM32CubeIDE_1.15.0/STM32CubeIDE/plugins/com.st.stm32cube.ide.mcu.externaltools.gnu-tools-for-stm32.12.3.rel1.win32_1.1.0.202410251130/tools/bin/../lib/gcc/arm-none-eabi/12.3.1/thumb/v7e-m+fp/hard\libgcc.a(_arm_muldivdf3.o)
                0x08000540                __aeabi_dmul
                0x08000540                __muldf3
                0x08000794                __divdf3
                0x08000794                __aeabi_ddiv
 .text          0x08000964       0xa0 C:/ST/STM32CubeIDE_1.15.0/STM32CubeIDE/plugins/com.st.stm32cube.ide.mcu.externaltools.gnu-tools-for-stm32.12.3.rel1.win32_1.1.0.202410251130/tools/bin/../lib/gcc/arm-none-eabi/12.3.1/thumb/v7e-m+fp/hard\libgcc.a(_arm_truncdfsf2.o)
                0x08000964                __truncdfsf2
                0x08000964                __aeabi_d2f
 *(.text*)
 .text.ADC_init
                0x08000a04      0x1c8 ./Core/Src/ADC.o
                0x08000a04                ADC_init
 .text.ADC_collect
                0x08000bcc       0x20 ./Core/Src/ADC.o
                0x08000bcc                ADC_collect
 .text.DAC_init
                0x08000bec       0xd8 ./Core/Src/DAC1_CH1.o
                0x08000bec                DAC_init
 .text.__NVIC_EnableIRQ
                0x08000cc4       0x3c ./Core/Src/DMA.o
 .text.__NVIC_SetPriority
                0x08000d00       0x54 ./Core/Src/DMA.o
 .text.DMA_init
                0x08000d54      0x1e0 ./Core/Src/DMA.o
                0x08000d54                DMA_init
 .text.DMA_enable
                0x08000f34       0x30 ./Core/Src/DMA.o
                0x08000f34                DMA_enable
 .text.DMA1_Channel1_IRQHandler
                0x08000f64       0x84 ./Core/Src/DMA.o
                0x08000f64                DMA1_Channel1_IRQHandler
 .text.DMA2_Channel4_IRQHandler
                0x08000fe8       0x48 ./Core/Src/DMA.o
                0x08000fe8                DMA2_Channel4_IRQHandler
 .text.Delay_Filter_init
                0x08001030       0x5a ./Core/Src/DelayFilter.o
                0x08001030                Delay_Filter_init
 *fill*         0x0800108a        0x2 
 .text.LED_Debug_init
                0x0800108c       0x9c ./Core/Src/LED_Debug.o
                0x0800108c                LED_Debug_init
 .text.LED_Debug_1_toggle
                0x08001128       0x20 ./Core/Src/LED_Debug.o
                0x08001128                LED_Debug_1_toggle
 .text.LED_Debug_2_toggle
                0x08001148       0x20 ./Core/Src/LED_Debug.o
                0x08001148                LED_Debug_2_toggle
 .text.LPF_init
                0x08001168       0x30 ./Core/Src/LPF.o
                0x08001168                LPF_init
 .text.LPF_setCorner
                0x08001198       0xd8 ./Core/Src/LPF.o
                0x08001198                LPF_setCorner
 .text.TIM_init
                0x08001270       0x54 ./Core/Src/TIM.o
                0x08001270                TIM_init
 .text.main     0x080012c4       0xb4 ./Core/Src/main.o
                0x080012c4                main
 .text.processData
                0x08001378       0xb8 ./Core/Src/main.o
                0x08001378                processData
 .text.SystemClock_Config
                0x08001430       0x8c ./Core/Src/main.o
                0x08001430                SystemClock_Config
 .text.Error_Handler
                0x080014bc        0xc ./Core/Src/main.o
                0x080014bc                Error_Handler
 .text.HAL_MspInit
                0x080014c8       0x48 ./Core/Src/stm32l4xx_hal_msp.o
                0x080014c8                HAL_MspInit
 .text.NMI_Handler
                0x08001510        0x8 ./Core/Src/stm32l4xx_it.o
                0x08001510                NMI_Handler
 .text.HardFault_Handler
                0x08001518        0x8 ./Core/Src/stm32l4xx_it.o
                0x08001518                HardFault_Handler
 .text.MemManage_Handler
                0x08001520        0x8 ./Core/Src/stm32l4xx_it.o
                0x08001520                MemManage_Handler
 .text.BusFault_Handler
                0x08001528        0x8 ./Core/Src/stm32l4xx_it.o
                0x08001528                BusFault_Handler
 .text.UsageFault_Handler
                0x08001530        0x8 ./Core/Src/stm32l4xx_it.o
                0x08001530                UsageFault_Handler
 .text.SVC_Handler
                0x08001538        0xe ./Core/Src/stm32l4xx_it.o
                0x08001538                SVC_Handler
 .text.DebugMon_Handler
                0x08001546        0xe ./Core/Src/stm32l4xx_it.o
                0x08001546                DebugMon_Handler
 .text.PendSV_Handler
                0x08001554        0xe ./Core/Src/stm32l4xx_it.o
                0x08001554                PendSV_Handler
 .text.SysTick_Handler
                0x08001562        0xc ./Core/Src/stm32l4xx_it.o
                0x08001562                SysTick_Handler
 *fill*         0x0800156e        0x2 
 .text._sbrk    0x08001570       0x6c ./Core/Src/sysmem.o
                0x08001570                _sbrk
 .text.SystemInit
                0x080015dc       0x24 ./Core/Src/system_stm32l4xx.o
                0x080015dc                SystemInit
 .text.Reset_Handler
                0x08001600       0x50 ./Core/Startup/startup_stm32l476rgtx.o
                0x08001600                Reset_Handler
 .text.Default_Handler
                0x08001650        0x2 ./Core/Startup/startup_stm32l476rgtx.o
                0x08001650                RTC_Alarm_IRQHandler
                0x08001650                EXTI2_IRQHandler
                0x08001650                TIM8_TRG_COM_IRQHandler
                0x08001650                TIM8_CC_IRQHandler
                0x08001650                TIM1_CC_IRQHandler
                0x08001650                TSC_IRQHandler
                0x08001650                TAMP_STAMP_IRQHandler
                0x08001650                EXTI3_IRQHandler
                0x08001650                LPTIM2_IRQHandler
                0x08001650                DFSDM1_FLT1_IRQHandler
                0x08001650                I2C3_ER_IRQHandler
                0x08001650                DFSDM1_FLT2_IRQHandler
                0x08001650                EXTI0_IRQHandler
                0x08001650                I2C2_EV_IRQHandler
                0x08001650                CAN1_RX0_IRQHandler
                0x08001650                FPU_IRQHandler
                0x08001650                TIM1_UP_TIM16_IRQHandler
                0x08001650                ADC1_2_IRQHandler
                0x08001650                SPI1_IRQHandler
                0x08001650                TIM6_DAC_IRQHandler
                0x08001650                TIM8_UP_IRQHandler
                0x08001650                DMA2_Channel2_IRQHandler
                0x08001650                DMA1_Channel4_IRQHandler
                0x08001650                SAI2_IRQHandler
                0x08001650                DFSDM1_FLT3_IRQHandler
                0x08001650                USART3_IRQHandler
                0x08001650                DMA1_Channel7_IRQHandler
                0x08001650                CAN1_RX1_IRQHandler
                0x08001650                LCD_IRQHandler
                0x08001650                UART5_IRQHandler
                0x08001650                ADC3_IRQHandler
                0x08001650                TIM4_IRQHandler
                0x08001650                DMA2_Channel1_IRQHandler
                0x08001650                QUADSPI_IRQHandler
                0x08001650                I2C1_EV_IRQHandler
                0x08001650                DMA1_Channel6_IRQHandler
                0x08001650                UART4_IRQHandler
                0x08001650                TIM3_IRQHandler
                0x08001650                RCC_IRQHandler
                0x08001650                Default_Handler
                0x08001650                DMA2_Channel7_IRQHandler
                0x08001650                EXTI15_10_IRQHandler
                0x08001650                TIM7_IRQHandler
                0x08001650                SDMMC1_IRQHandler
                0x08001650                TIM5_IRQHandler
                0x08001650                I2C3_EV_IRQHandler
                0x08001650                EXTI9_5_IRQHandler
                0x08001650                RTC_WKUP_IRQHandler
                0x08001650                PVD_PVM_IRQHandler
                0x08001650                SPI2_IRQHandler
                0x08001650                CAN1_TX_IRQHandler
                0x08001650                DMA2_Channel5_IRQHandler
                0x08001650                DMA1_Channel5_IRQHandler
                0x08001650                EXTI4_IRQHandler
                0x08001650                RNG_IRQHandler
                0x08001650                TIM1_TRG_COM_TIM17_IRQHandler
                0x08001650                DMA1_Channel3_IRQHandler
                0x08001650                COMP_IRQHandler
                0x08001650                WWDG_IRQHandler
                0x08001650                LPUART1_IRQHandler
                0x08001650                DMA2_Channel6_IRQHandler
                0x08001650                TIM2_IRQHandler
                0x08001650                EXTI1_IRQHandler
                0x08001650                USART2_IRQHandler
                0x08001650                DFSDM1_FLT0_IRQHandler
                0x08001650                I2C2_ER_IRQHandler
                0x08001650                DMA1_Channel2_IRQHandler
                0x08001650                TIM8_BRK_IRQHandler
                0x08001650                CAN1_SCE_IRQHandler
                0x08001650                FLASH_IRQHandler
                0x08001650                USART1_IRQHandler
                0x08001650                OTG_FS_IRQHandler
                0x08001650                SPI3_IRQHandler
                0x08001650                I2C1_ER_IRQHandler
                0x08001650                FMC_IRQHandler
                0x08001650                SWPMI1_IRQHandler
                0x08001650                LPTIM1_IRQHandler
                0x08001650                SAI1_IRQHandler
                0x08001650                DMA2_Channel3_IRQHandler
                0x08001650                TIM1_BRK_TIM15_IRQHandler
 .text.HAL_Init
                0x08001652       0x30 ./Drivers/STM32L4xx_HAL_Driver/Src/stm32l4xx_hal.o
                0x08001652                HAL_Init
 *fill*         0x08001682        0x2 
 .text.HAL_InitTick
                0x08001684       0x78 ./Drivers/STM32L4xx_HAL_Driver/Src/stm32l4xx_hal.o
                0x08001684                HAL_InitTick
 .text.HAL_IncTick
                0x080016fc       0x28 ./Drivers/STM32L4xx_HAL_Driver/Src/stm32l4xx_hal.o
                0x080016fc                HAL_IncTick
 .text.HAL_GetTick
                0x08001724       0x18 ./Drivers/STM32L4xx_HAL_Driver/Src/stm32l4xx_hal.o
                0x08001724                HAL_GetTick
 .text.__NVIC_SetPriorityGrouping
                0x0800173c       0x48 ./Drivers/STM32L4xx_HAL_Driver/Src/stm32l4xx_hal_cortex.o
 .text.__NVIC_GetPriorityGrouping
                0x08001784       0x1c ./Drivers/STM32L4xx_HAL_Driver/Src/stm32l4xx_hal_cortex.o
 .text.__NVIC_SetPriority
                0x080017a0       0x54 ./Drivers/STM32L4xx_HAL_Driver/Src/stm32l4xx_hal_cortex.o
 .text.NVIC_EncodePriority
                0x080017f4       0x66 ./Drivers/STM32L4xx_HAL_Driver/Src/stm32l4xx_hal_cortex.o
 *fill*         0x0800185a        0x2 
 .text.SysTick_Config
                0x0800185c       0x44 ./Drivers/STM32L4xx_HAL_Driver/Src/stm32l4xx_hal_cortex.o
 .text.HAL_NVIC_SetPriorityGrouping
                0x080018a0       0x16 ./Drivers/STM32L4xx_HAL_Driver/Src/stm32l4xx_hal_cortex.o
                0x080018a0                HAL_NVIC_SetPriorityGrouping
 .text.HAL_NVIC_SetPriority
                0x080018b6       0x38 ./Drivers/STM32L4xx_HAL_Driver/Src/stm32l4xx_hal_cortex.o
                0x080018b6                HAL_NVIC_SetPriority
 .text.HAL_SYSTICK_Config
                0x080018ee       0x18 ./Drivers/STM32L4xx_HAL_Driver/Src/stm32l4xx_hal_cortex.o
                0x080018ee                HAL_SYSTICK_Config
 *fill*         0x08001906        0x2 
 .text.HAL_PWREx_GetVoltageRange
                0x08001908       0x1c ./Drivers/STM32L4xx_HAL_Driver/Src/stm32l4xx_hal_pwr_ex.o
                0x08001908                HAL_PWREx_GetVoltageRange
 .text.HAL_PWREx_ControlVoltageScaling
                0x08001924       0xac ./Drivers/STM32L4xx_HAL_Driver/Src/stm32l4xx_hal_pwr_ex.o
                0x08001924                HAL_PWREx_ControlVoltageScaling
 .text.HAL_RCC_OscConfig
                0x080019d0      0x7b8 ./Drivers/STM32L4xx_HAL_Driver/Src/stm32l4xx_hal_rcc.o
                0x080019d0                HAL_RCC_OscConfig
 .text.HAL_RCC_ClockConfig
                0x08002188      0x200 ./Drivers/STM32L4xx_HAL_Driver/Src/stm32l4xx_hal_rcc.o
                0x08002188                HAL_RCC_ClockConfig
 .text.HAL_RCC_GetSysClockFreq
                0x08002388      0x118 ./Drivers/STM32L4xx_HAL_Driver/Src/stm32l4xx_hal_rcc.o
                0x08002388                HAL_RCC_GetSysClockFreq
 .text.RCC_SetFlashLatencyFromMSIRange
                0x080024a0       0xc0 ./Drivers/STM32L4xx_HAL_Driver/Src/stm32l4xx_hal_rcc.o
 .text.calloc   0x08002560       0x10 C:/ST/STM32CubeIDE_1.15.0/STM32CubeIDE/plugins/com.st.stm32cube.ide.mcu.externaltools.gnu-tools-for-stm32.12.3.rel1.win32_1.1.0.202410251130/tools/bin/../lib/gcc/arm-none-eabi/12.3.1/../../../../arm-none-eabi/lib/thumb/v7e-m+fp/hard\libc_nano.a(libc_a-calloc.o)
                0x08002560                calloc
 .text._calloc_r
                0x08002570       0x28 C:/ST/STM32CubeIDE_1.15.0/STM32CubeIDE/plugins/com.st.stm32cube.ide.mcu.externaltools.gnu-tools-for-stm32.12.3.rel1.win32_1.1.0.202410251130/tools/bin/../lib/gcc/arm-none-eabi/12.3.1/../../../../arm-none-eabi/lib/thumb/v7e-m+fp/hard\libc_nano.a(libc_a-callocr.o)
                0x08002570                _calloc_r
 .text.sbrk_aligned
                0x08002598       0x44 C:/ST/STM32CubeIDE_1.15.0/STM32CubeIDE/plugins/com.st.stm32cube.ide.mcu.externaltools.gnu-tools-for-stm32.12.3.rel1.win32_1.1.0.202410251130/tools/bin/../lib/gcc/arm-none-eabi/12.3.1/../../../../arm-none-eabi/lib/thumb/v7e-m+fp/hard\libc_nano.a(libc_a-mallocr.o)
 .text._malloc_r
                0x080025dc      0x100 C:/ST/STM32CubeIDE_1.15.0/STM32CubeIDE/plugins/com.st.stm32cube.ide.mcu.externaltools.gnu-tools-for-stm32.12.3.rel1.win32_1.1.0.202410251130/tools/bin/../lib/gcc/arm-none-eabi/12.3.1/../../../../arm-none-eabi/lib/thumb/v7e-m+fp/hard\libc_nano.a(libc_a-mallocr.o)
                0x080025dc                _malloc_r
 .text.__malloc_lock
                0x080026dc        0xc C:/ST/STM32CubeIDE_1.15.0/STM32CubeIDE/plugins/com.st.stm32cube.ide.mcu.externaltools.gnu-tools-for-stm32.12.3.rel1.win32_1.1.0.202410251130/tools/bin/../lib/gcc/arm-none-eabi/12.3.1/../../../../arm-none-eabi/lib/thumb/v7e-m+fp/hard\libc_nano.a(libc_a-mlock.o)
                0x080026dc                __malloc_lock
 .text.__malloc_unlock
                0x080026e8        0xc C:/ST/STM32CubeIDE_1.15.0/STM32CubeIDE/plugins/com.st.stm32cube.ide.mcu.externaltools.gnu-tools-for-stm32.12.3.rel1.win32_1.1.0.202410251130/tools/bin/../lib/gcc/arm-none-eabi/12.3.1/../../../../arm-none-eabi/lib/thumb/v7e-m+fp/hard\libc_nano.a(libc_a-mlock.o)
                0x080026e8                __malloc_unlock
 .text.memset   0x080026f4       0x10 C:/ST/STM32CubeIDE_1.15.0/STM32CubeIDE/plugins/com.st.stm32cube.ide.mcu.externaltools.gnu-tools-for-stm32.12.3.rel1.win32_1.1.0.202410251130/tools/bin/../lib/gcc/arm-none-eabi/12.3.1/../../../../arm-none-eabi/lib/thumb/v7e-m+fp/hard\libc_nano.a(libc_a-memset.o)
                0x080026f4                memset
 .text._sbrk_r  0x08002704       0x20 C:/ST/STM32CubeIDE_1.15.0/STM32CubeIDE/plugins/com.st.stm32cube.ide.mcu.externaltools.gnu-tools-for-stm32.12.3.rel1.win32_1.1.0.202410251130/tools/bin/../lib/gcc/arm-none-eabi/12.3.1/../../../../arm-none-eabi/lib/thumb/v7e-m+fp/hard\libc_nano.a(libc_a-sbrkr.o)
                0x08002704                _sbrk_r
 .text.__errno  0x08002724        0xc C:/ST/STM32CubeIDE_1.15.0/STM32CubeIDE/plugins/com.st.stm32cube.ide.mcu.externaltools.gnu-tools-for-stm32.12.3.rel1.win32_1.1.0.202410251130/tools/bin/../lib/gcc/arm-none-eabi/12.3.1/../../../../arm-none-eabi/lib/thumb/v7e-m+fp/hard\libc_nano.a(libc_a-errno.o)
                0x08002724                __errno
 .text.__libc_init_array
                0x08002730       0x48 C:/ST/STM32CubeIDE_1.15.0/STM32CubeIDE/plugins/com.st.stm32cube.ide.mcu.externaltools.gnu-tools-for-stm32.12.3.rel1.win32_1.1.0.202410251130/tools/bin/../lib/gcc/arm-none-eabi/12.3.1/../../../../arm-none-eabi/lib/thumb/v7e-m+fp/hard\libc_nano.a(libc_a-init.o)
                0x08002730                __libc_init_array
 .text.__retarget_lock_acquire_recursive
                0x08002778        0x2 C:/ST/STM32CubeIDE_1.15.0/STM32CubeIDE/plugins/com.st.stm32cube.ide.mcu.externaltools.gnu-tools-for-stm32.12.3.rel1.win32_1.1.0.202410251130/tools/bin/../lib/gcc/arm-none-eabi/12.3.1/../../../../arm-none-eabi/lib/thumb/v7e-m+fp/hard\libc_nano.a(libc_a-lock.o)
                0x08002778                __retarget_lock_acquire_recursive
 .text.__retarget_lock_release_recursive
                0x0800277a        0x2 C:/ST/STM32CubeIDE_1.15.0/STM32CubeIDE/plugins/com.st.stm32cube.ide.mcu.externaltools.gnu-tools-for-stm32.12.3.rel1.win32_1.1.0.202410251130/tools/bin/../lib/gcc/arm-none-eabi/12.3.1/../../../../arm-none-eabi/lib/thumb/v7e-m+fp/hard\libc_nano.a(libc_a-lock.o)
                0x0800277a                __retarget_lock_release_recursive
 *(.glue_7)
 .glue_7        0x0800277c        0x0 linker stubs
 *(.glue_7t)
 .glue_7t       0x0800277c        0x0 linker stubs
 *(.eh_frame)
 .eh_frame      0x0800277c        0x0 C:/ST/STM32CubeIDE_1.15.0/STM32CubeIDE/plugins/com.st.stm32cube.ide.mcu.externaltools.gnu-tools-for-stm32.12.3.rel1.win32_1.1.0.202410251130/tools/bin/../lib/gcc/arm-none-eabi/12.3.1/thumb/v7e-m+fp/hard/crtbegin.o
 *(.init)
 .init          0x0800277c        0x4 C:/ST/STM32CubeIDE_1.15.0/STM32CubeIDE/plugins/com.st.stm32cube.ide.mcu.externaltools.gnu-tools-for-stm32.12.3.rel1.win32_1.1.0.202410251130/tools/bin/../lib/gcc/arm-none-eabi/12.3.1/thumb/v7e-m+fp/hard/crti.o
                0x0800277c                _init
 .init          0x08002780        0x8 C:/ST/STM32CubeIDE_1.15.0/STM32CubeIDE/plugins/com.st.stm32cube.ide.mcu.externaltools.gnu-tools-for-stm32.12.3.rel1.win32_1.1.0.202410251130/tools/bin/../lib/gcc/arm-none-eabi/12.3.1/thumb/v7e-m+fp/hard/crtn.o
 *(.fini)
 .fini          0x08002788        0x4 C:/ST/STM32CubeIDE_1.15.0/STM32CubeIDE/plugins/com.st.stm32cube.ide.mcu.externaltools.gnu-tools-for-stm32.12.3.rel1.win32_1.1.0.202410251130/tools/bin/../lib/gcc/arm-none-eabi/12.3.1/thumb/v7e-m+fp/hard/crti.o
                0x08002788                _fini
 .fini          0x0800278c        0x8 C:/ST/STM32CubeIDE_1.15.0/STM32CubeIDE/plugins/com.st.stm32cube.ide.mcu.externaltools.gnu-tools-for-stm32.12.3.rel1.win32_1.1.0.202410251130/tools/bin/../lib/gcc/arm-none-eabi/12.3.1/thumb/v7e-m+fp/hard/crtn.o
                0x08002794                        . = ALIGN (0x4)
                0x08002794                        _etext = .

.vfp11_veneer   0x08002794        0x0
 .vfp11_veneer  0x08002794        0x0 linker stubs

.v4_bx          0x08002794        0x0
 .v4_bx         0x08002794        0x0 linker stubs

.iplt           0x08002794        0x0
 .iplt          0x08002794        0x0 C:/ST/STM32CubeIDE_1.15.0/STM32CubeIDE/plugins/com.st.stm32cube.ide.mcu.externaltools.gnu-tools-for-stm32.12.3.rel1.win32_1.1.0.202410251130/tools/bin/../lib/gcc/arm-none-eabi/12.3.1/thumb/v7e-m+fp/hard/crtbegin.o

.rodata         0x08002794       0x40
                0x08002794                        . = ALIGN (0x4)
 *(.rodata)
 *(.rodata*)
 .rodata.AHBPrescTable
                0x08002794       0x10 ./Core/Src/system_stm32l4xx.o
                0x08002794                AHBPrescTable
 .rodata.MSIRangeTable
                0x080027a4       0x30 ./Core/Src/system_stm32l4xx.o
                0x080027a4                MSIRangeTable
                0x080027d4                        . = ALIGN (0x4)

.ARM.extab      0x080027d4        0x0
                0x080027d4                        . = ALIGN (0x4)
 *(.ARM.extab* .gnu.linkonce.armextab.*)
                0x080027d4                        . = ALIGN (0x4)

.ARM            0x080027d4        0x0
                0x080027d4                        . = ALIGN (0x4)
                0x080027d4                        __exidx_start = .
 *(.ARM.exidx*)
                0x080027d4                        __exidx_end = .
                0x080027d4                        . = ALIGN (0x4)

.preinit_array  0x080027d4        0x0
                0x080027d4                        . = ALIGN (0x4)
                0x080027d4                        PROVIDE (__preinit_array_start = .)
 *(.preinit_array*)
                0x080027d4                        PROVIDE (__preinit_array_end = .)
                0x080027d4                        . = ALIGN (0x4)

.init_array     0x080027d4        0x4
                0x080027d4                        . = ALIGN (0x4)
                0x080027d4                        PROVIDE (__init_array_start = .)
 *(SORT_BY_NAME(.init_array.*))
 *(.init_array*)
 .init_array    0x080027d4        0x4 C:/ST/STM32CubeIDE_1.15.0/STM32CubeIDE/plugins/com.st.stm32cube.ide.mcu.externaltools.gnu-tools-for-stm32.12.3.rel1.win32_1.1.0.202410251130/tools/bin/../lib/gcc/arm-none-eabi/12.3.1/thumb/v7e-m+fp/hard/crtbegin.o
                0x080027d8                        PROVIDE (__init_array_end = .)
                0x080027d8                        . = ALIGN (0x4)

.fini_array     0x080027d8        0x4
                0x080027d8                        . = ALIGN (0x4)
                [!provide]                        PROVIDE (__fini_array_start = .)
 *(SORT_BY_NAME(.fini_array.*))
 *(.fini_array*)
 .fini_array    0x080027d8        0x4 C:/ST/STM32CubeIDE_1.15.0/STM32CubeIDE/plugins/com.st.stm32cube.ide.mcu.externaltools.gnu-tools-for-stm32.12.3.rel1.win32_1.1.0.202410251130/tools/bin/../lib/gcc/arm-none-eabi/12.3.1/thumb/v7e-m+fp/hard/crtbegin.o
                [!provide]                        PROVIDE (__fini_array_end = .)
                0x080027dc                        . = ALIGN (0x4)
                0x080027dc                        _sidata = LOADADDR (.data)

.rel.dyn        0x080027dc        0x0
 .rel.iplt      0x080027dc        0x0 C:/ST/STM32CubeIDE_1.15.0/STM32CubeIDE/plugins/com.st.stm32cube.ide.mcu.externaltools.gnu-tools-for-stm32.12.3.rel1.win32_1.1.0.202410251130/tools/bin/../lib/gcc/arm-none-eabi/12.3.1/thumb/v7e-m+fp/hard/crtbegin.o

.data           0x20000000       0x64 load address 0x080027dc
                0x20000000                        . = ALIGN (0x4)
                0x20000000                        _sdata = .
 *(.data)
 *(.data*)
 .data.inBuffPtr
                0x20000000        0x4 ./Core/Src/main.o
                0x20000000                inBuffPtr
 .data.outBuffPtr
                0x20000004        0x4 ./Core/Src/main.o
                0x20000004                outBuffPtr
 .data.SystemCoreClock
                0x20000008        0x4 ./Core/Src/system_stm32l4xx.o
                0x20000008                SystemCoreClock
 .data.uwTickPrio
                0x2000000c        0x4 ./Drivers/STM32L4xx_HAL_Driver/Src/stm32l4xx_hal.o
                0x2000000c                uwTickPrio
 .data.uwTickFreq
                0x20000010        0x1 ./Drivers/STM32L4xx_HAL_Driver/Src/stm32l4xx_hal.o
                0x20000010                uwTickFreq
 *fill*         0x20000011        0x3 
 .data._impure_ptr
                0x20000014        0x4 C:/ST/STM32CubeIDE_1.15.0/STM32CubeIDE/plugins/com.st.stm32cube.ide.mcu.externaltools.gnu-tools-for-stm32.12.3.rel1.win32_1.1.0.202410251130/tools/bin/../lib/gcc/arm-none-eabi/12.3.1/../../../../arm-none-eabi/lib/thumb/v7e-m+fp/hard\libc_nano.a(libc_a-impure.o)
                0x20000014                _impure_ptr
 .data._impure_data
                0x20000018       0x4c C:/ST/STM32CubeIDE_1.15.0/STM32CubeIDE/plugins/com.st.stm32cube.ide.mcu.externaltools.gnu-tools-for-stm32.12.3.rel1.win32_1.1.0.202410251130/tools/bin/../lib/gcc/arm-none-eabi/12.3.1/../../../../arm-none-eabi/lib/thumb/v7e-m+fp/hard\libc_nano.a(libc_a-impure.o)
                0x20000018                _impure_data
 *(.RamFunc)
 *(.RamFunc*)
                0x20000064                        . = ALIGN (0x4)
                0x20000064                        _edata = .

.igot.plt       0x20000064        0x0 load address 0x08002840
 .igot.plt      0x20000064        0x0 C:/ST/STM32CubeIDE_1.15.0/STM32CubeIDE/plugins/com.st.stm32cube.ide.mcu.externaltools.gnu-tools-for-stm32.12.3.rel1.win32_1.1.0.202410251130/tools/bin/../lib/gcc/arm-none-eabi/12.3.1/thumb/v7e-m+fp/hard/crtbegin.o
                0x20000064                        . = ALIGN (0x4)

.bss            0x20000064      0x190 load address 0x08002840
                0x20000064                        _sbss = .
                0x20000064                        __bss_start__ = _sbss
 *(.bss)
 .bss           0x20000064       0x1c C:/ST/STM32CubeIDE_1.15.0/STM32CubeIDE/plugins/com.st.stm32cube.ide.mcu.externaltools.gnu-tools-for-stm32.12.3.rel1.win32_1.1.0.202410251130/tools/bin/../lib/gcc/arm-none-eabi/12.3.1/thumb/v7e-m+fp/hard/crtbegin.o
 *(.bss*)
 .bss.Data_Ready_Flag
                0x20000080        0x1 ./Core/Src/main.o
                0x20000080                Data_Ready_Flag
 *fill*         0x20000081        0x3 
 .bss.inBuff    0x20000084        0xc ./Core/Src/main.o
                0x20000084                inBuff
 .bss.outBuff   0x20000090        0xc ./Core/Src/main.o
                0x20000090                outBuff
 .bss.inVal.1   0x2000009c        0x4 ./Core/Src/main.o
 .bss.outVal.0  0x200000a0        0x4 ./Core/Src/main.o
 .bss.__sbrk_heap_end
                0x200000a4        0x4 ./Core/Src/sysmem.o
 .bss.uwTick    0x200000a8        0x4 ./Drivers/STM32L4xx_HAL_Driver/Src/stm32l4xx_hal.o
                0x200000a8                uwTick
 .bss.__malloc_sbrk_start
                0x200000ac        0x4 C:/ST/STM32CubeIDE_1.15.0/STM32CubeIDE/plugins/com.st.stm32cube.ide.mcu.externaltools.gnu-tools-for-stm32.12.3.rel1.win32_1.1.0.202410251130/tools/bin/../lib/gcc/arm-none-eabi/12.3.1/../../../../arm-none-eabi/lib/thumb/v7e-m+fp/hard\libc_nano.a(libc_a-mallocr.o)
                0x200000ac                __malloc_sbrk_start
 .bss.__malloc_free_list
                0x200000b0        0x4 C:/ST/STM32CubeIDE_1.15.0/STM32CubeIDE/plugins/com.st.stm32cube.ide.mcu.externaltools.gnu-tools-for-stm32.12.3.rel1.win32_1.1.0.202410251130/tools/bin/../lib/gcc/arm-none-eabi/12.3.1/../../../../arm-none-eabi/lib/thumb/v7e-m+fp/hard\libc_nano.a(libc_a-mallocr.o)
                0x200000b0                __malloc_free_list
 .bss.__sf      0x200000b4      0x138 C:/ST/STM32CubeIDE_1.15.0/STM32CubeIDE/plugins/com.st.stm32cube.ide.mcu.externaltools.gnu-tools-for-stm32.12.3.rel1.win32_1.1.0.202410251130/tools/bin/../lib/gcc/arm-none-eabi/12.3.1/../../../../arm-none-eabi/lib/thumb/v7e-m+fp/hard\libc_nano.a(libc_a-findfp.o)
                0x200000b4                __sf
 .bss.errno     0x200001ec        0x4 C:/ST/STM32CubeIDE_1.15.0/STM32CubeIDE/plugins/com.st.stm32cube.ide.mcu.externaltools.gnu-tools-for-stm32.12.3.rel1.win32_1.1.0.202410251130/tools/bin/../lib/gcc/arm-none-eabi/12.3.1/../../../../arm-none-eabi/lib/thumb/v7e-m+fp/hard\libc_nano.a(libc_a-reent.o)
                0x200001ec                errno
 .bss.__lock___malloc_recursive_mutex
                0x200001f0        0x1 C:/ST/STM32CubeIDE_1.15.0/STM32CubeIDE/plugins/com.st.stm32cube.ide.mcu.externaltools.gnu-tools-for-stm32.12.3.rel1.win32_1.1.0.202410251130/tools/bin/../lib/gcc/arm-none-eabi/12.3.1/../../../../arm-none-eabi/lib/thumb/v7e-m+fp/hard\libc_nano.a(libc_a-lock.o)
                0x200001f0                __lock___malloc_recursive_mutex
 *(COMMON)
                0x200001f4                        . = ALIGN (0x4)
 *fill*         0x200001f1        0x3 
                0x200001f4                        _ebss = .
                0x200001f4                        __bss_end__ = _ebss

._user_heap_stack
                0x200001f4      0x604 load address 0x08002840
                0x200001f8                        . = ALIGN (0x8)
 *fill*         0x200001f4        0x4 
                [!provide]                        PROVIDE (end = .)
                0x200001f8                        PROVIDE (_end = .)
                0x200003f8                        . = (. + _Min_Heap_Size)
 *fill*         0x200001f8      0x200 
                0x200007f8                        . = (. + _Min_Stack_Size)
 *fill*         0x200003f8      0x400 
                0x200007f8                        . = ALIGN (0x8)

/DISCARD/
 libc.a(*)
 libm.a(*)
 libgcc.a(*)

.ARM.attributes
                0x00000000       0x30
 *(.ARM.attributes)
 .ARM.attributes
                0x00000000       0x22 C:/ST/STM32CubeIDE_1.15.0/STM32CubeIDE/plugins/com.st.stm32cube.ide.mcu.externaltools.gnu-tools-for-stm32.12.3.rel1.win32_1.1.0.202410251130/tools/bin/../lib/gcc/arm-none-eabi/12.3.1/thumb/v7e-m+fp/hard/crti.o
 .ARM.attributes
                0x00000022       0x34 C:/ST/STM32CubeIDE_1.15.0/STM32CubeIDE/plugins/com.st.stm32cube.ide.mcu.externaltools.gnu-tools-for-stm32.12.3.rel1.win32_1.1.0.202410251130/tools/bin/../lib/gcc/arm-none-eabi/12.3.1/thumb/v7e-m+fp/hard/crtbegin.o
 .ARM.attributes
                0x00000056       0x34 ./Core/Src/ADC.o
 .ARM.attributes
                0x0000008a       0x34 ./Core/Src/DAC1_CH1.o
 .ARM.attributes
                0x000000be       0x34 ./Core/Src/DMA.o
 .ARM.attributes
                0x000000f2       0x34 ./Core/Src/DelayFilter.o
 .ARM.attributes
                0x00000126       0x34 ./Core/Src/LED_Debug.o
 .ARM.attributes
                0x0000015a       0x34 ./Core/Src/LPF.o
 .ARM.attributes
                0x0000018e       0x34 ./Core/Src/TIM.o
 .ARM.attributes
                0x000001c2       0x34 ./Core/Src/main.o
 .ARM.attributes
                0x000001f6       0x34 ./Core/Src/stm32l4xx_hal_msp.o
 .ARM.attributes
                0x0000022a       0x34 ./Core/Src/stm32l4xx_it.o
 .ARM.attributes
                0x0000025e       0x34 ./Core/Src/sysmem.o
 .ARM.attributes
                0x00000292       0x34 ./Core/Src/system_stm32l4xx.o
 .ARM.attributes
                0x000002c6       0x21 ./Core/Startup/startup_stm32l476rgtx.o
 .ARM.attributes
                0x000002e7       0x34 ./Drivers/STM32L4xx_HAL_Driver/Src/stm32l4xx_hal.o
 .ARM.attributes
                0x0000031b       0x34 ./Drivers/STM32L4xx_HAL_Driver/Src/stm32l4xx_hal_cortex.o
 .ARM.attributes
                0x0000034f       0x34 ./Drivers/STM32L4xx_HAL_Driver/Src/stm32l4xx_hal_pwr_ex.o
 .ARM.attributes
                0x00000383       0x34 ./Drivers/STM32L4xx_HAL_Driver/Src/stm32l4xx_hal_rcc.o
 .ARM.attributes
                0x000003b7       0x34 C:/ST/STM32CubeIDE_1.15.0/STM32CubeIDE/plugins/com.st.stm32cube.ide.mcu.externaltools.gnu-tools-for-stm32.12.3.rel1.win32_1.1.0.202410251130/tools/bin/../lib/gcc/arm-none-eabi/12.3.1/../../../../arm-none-eabi/lib/thumb/v7e-m+fp/hard\libc_nano.a(libc_a-calloc.o)
 .ARM.attributes
                0x000003eb       0x34 C:/ST/STM32CubeIDE_1.15.0/STM32CubeIDE/plugins/com.st.stm32cube.ide.mcu.externaltools.gnu-tools-for-stm32.12.3.rel1.win32_1.1.0.202410251130/tools/bin/../lib/gcc/arm-none-eabi/12.3.1/../../../../arm-none-eabi/lib/thumb/v7e-m+fp/hard\libc_nano.a(libc_a-callocr.o)
 .ARM.attributes
                0x0000041f       0x34 C:/ST/STM32CubeIDE_1.15.0/STM32CubeIDE/plugins/com.st.stm32cube.ide.mcu.externaltools.gnu-tools-for-stm32.12.3.rel1.win32_1.1.0.202410251130/tools/bin/../lib/gcc/arm-none-eabi/12.3.1/../../../../arm-none-eabi/lib/thumb/v7e-m+fp/hard\libc_nano.a(libc_a-mallocr.o)
 .ARM.attributes
                0x00000453       0x34 C:/ST/STM32CubeIDE_1.15.0/STM32CubeIDE/plugins/com.st.stm32cube.ide.mcu.externaltools.gnu-tools-for-stm32.12.3.rel1.win32_1.1.0.202410251130/tools/bin/../lib/gcc/arm-none-eabi/12.3.1/../../../../arm-none-eabi/lib/thumb/v7e-m+fp/hard\libc_nano.a(libc_a-mlock.o)
 .ARM.attributes
                0x00000487       0x34 C:/ST/STM32CubeIDE_1.15.0/STM32CubeIDE/plugins/com.st.stm32cube.ide.mcu.externaltools.gnu-tools-for-stm32.12.3.rel1.win32_1.1.0.202410251130/tools/bin/../lib/gcc/arm-none-eabi/12.3.1/../../../../arm-none-eabi/lib/thumb/v7e-m+fp/hard\libc_nano.a(libc_a-findfp.o)
 .ARM.attributes
                0x000004bb       0x34 C:/ST/STM32CubeIDE_1.15.0/STM32CubeIDE/plugins/com.st.stm32cube.ide.mcu.externaltools.gnu-tools-for-stm32.12.3.rel1.win32_1.1.0.202410251130/tools/bin/../lib/gcc/arm-none-eabi/12.3.1/../../../../arm-none-eabi/lib/thumb/v7e-m+fp/hard\libc_nano.a(libc_a-memset.o)
 .ARM.attributes
                0x000004ef       0x34 C:/ST/STM32CubeIDE_1.15.0/STM32CubeIDE/plugins/com.st.stm32cube.ide.mcu.externaltools.gnu-tools-for-stm32.12.3.rel1.win32_1.1.0.202410251130/tools/bin/../lib/gcc/arm-none-eabi/12.3.1/../../../../arm-none-eabi/lib/thumb/v7e-m+fp/hard\libc_nano.a(libc_a-reent.o)
 .ARM.attributes
                0x00000523       0x34 C:/ST/STM32CubeIDE_1.15.0/STM32CubeIDE/plugins/com.st.stm32cube.ide.mcu.externaltools.gnu-tools-for-stm32.12.3.rel1.win32_1.1.0.202410251130/tools/bin/../lib/gcc/arm-none-eabi/12.3.1/../../../../arm-none-eabi/lib/thumb/v7e-m+fp/hard\libc_nano.a(libc_a-impure.o)
 .ARM.attributes
                0x00000557       0x34 C:/ST/STM32CubeIDE_1.15.0/STM32CubeIDE/plugins/com.st.stm32cube.ide.mcu.externaltools.gnu-tools-for-stm32.12.3.rel1.win32_1.1.0.202410251130/tools/bin/../lib/gcc/arm-none-eabi/12.3.1/../../../../arm-none-eabi/lib/thumb/v7e-m+fp/hard\libc_nano.a(libc_a-sbrkr.o)
 .ARM.attributes
                0x0000058b       0x34 C:/ST/STM32CubeIDE_1.15.0/STM32CubeIDE/plugins/com.st.stm32cube.ide.mcu.externaltools.gnu-tools-for-stm32.12.3.rel1.win32_1.1.0.202410251130/tools/bin/../lib/gcc/arm-none-eabi/12.3.1/../../../../arm-none-eabi/lib/thumb/v7e-m+fp/hard\libc_nano.a(libc_a-errno.o)
 .ARM.attributes
                0x000005bf       0x34 C:/ST/STM32CubeIDE_1.15.0/STM32CubeIDE/plugins/com.st.stm32cube.ide.mcu.externaltools.gnu-tools-for-stm32.12.3.rel1.win32_1.1.0.202410251130/tools/bin/../lib/gcc/arm-none-eabi/12.3.1/../../../../arm-none-eabi/lib/thumb/v7e-m+fp/hard\libc_nano.a(libc_a-init.o)
 .ARM.attributes
                0x000005f3       0x34 C:/ST/STM32CubeIDE_1.15.0/STM32CubeIDE/plugins/com.st.stm32cube.ide.mcu.externaltools.gnu-tools-for-stm32.12.3.rel1.win32_1.1.0.202410251130/tools/bin/../lib/gcc/arm-none-eabi/12.3.1/../../../../arm-none-eabi/lib/thumb/v7e-m+fp/hard\libc_nano.a(libc_a-lock.o)
 .ARM.attributes
                0x00000627       0x22 C:/ST/STM32CubeIDE_1.15.0/STM32CubeIDE/plugins/com.st.stm32cube.ide.mcu.externaltools.gnu-tools-for-stm32.12.3.rel1.win32_1.1.0.202410251130/tools/bin/../lib/gcc/arm-none-eabi/12.3.1/thumb/v7e-m+fp/hard\libgcc.a(_arm_addsubdf3.o)
 .ARM.attributes
                0x00000649       0x22 C:/ST/STM32CubeIDE_1.15.0/STM32CubeIDE/plugins/com.st.stm32cube.ide.mcu.externaltools.gnu-tools-for-stm32.12.3.rel1.win32_1.1.0.202410251130/tools/bin/../lib/gcc/arm-none-eabi/12.3.1/thumb/v7e-m+fp/hard\libgcc.a(_arm_muldivdf3.o)
 .ARM.attributes
                0x0000066b       0x22 C:/ST/STM32CubeIDE_1.15.0/STM32CubeIDE/plugins/com.st.stm32cube.ide.mcu.externaltools.gnu-tools-for-stm32.12.3.rel1.win32_1.1.0.202410251130/tools/bin/../lib/gcc/arm-none-eabi/12.3.1/thumb/v7e-m+fp/hard\libgcc.a(_arm_truncdfsf2.o)
 .ARM.attributes
                0x0000068d       0x22 C:/ST/STM32CubeIDE_1.15.0/STM32CubeIDE/plugins/com.st.stm32cube.ide.mcu.externaltools.gnu-tools-for-stm32.12.3.rel1.win32_1.1.0.202410251130/tools/bin/../lib/gcc/arm-none-eabi/12.3.1/thumb/v7e-m+fp/hard/crtn.o
OUTPUT(FXpedal.elf elf32-littlearm)
LOAD linker stubs
LOAD C:/ST/STM32CubeIDE_1.15.0/STM32CubeIDE/plugins/com.st.stm32cube.ide.mcu.externaltools.gnu-tools-for-stm32.12.3.rel1.win32_1.1.0.202410251130/tools/bin/../lib/gcc/arm-none-eabi/12.3.1/../../../../arm-none-eabi/lib/thumb/v7e-m+fp/hard\libc.a
LOAD C:/ST/STM32CubeIDE_1.15.0/STM32CubeIDE/plugins/com.st.stm32cube.ide.mcu.externaltools.gnu-tools-for-stm32.12.3.rel1.win32_1.1.0.202410251130/tools/bin/../lib/gcc/arm-none-eabi/12.3.1/../../../../arm-none-eabi/lib/thumb/v7e-m+fp/hard\libm.a
LOAD C:/ST/STM32CubeIDE_1.15.0/STM32CubeIDE/plugins/com.st.stm32cube.ide.mcu.externaltools.gnu-tools-for-stm32.12.3.rel1.win32_1.1.0.202410251130/tools/bin/../lib/gcc/arm-none-eabi/12.3.1/thumb/v7e-m+fp/hard\libgcc.a

.debug_info     0x00000000     0x617d
 .debug_info    0x00000000      0x5b9 ./Core/Src/ADC.o
 .debug_info    0x000005b9      0x438 ./Core/Src/DAC1_CH1.o
 .debug_info    0x000009f1      0xd08 ./Core/Src/DMA.o
 .debug_info    0x000016f9      0x287 ./Core/Src/DelayFilter.o
 .debug_info    0x00001980      0x354 ./Core/Src/LED_Debug.o
 .debug_info    0x00001cd4      0x190 ./Core/Src/LPF.o
 .debug_info    0x00001e64      0x3d4 ./Core/Src/TIM.o
 .debug_info    0x00002238      0x604 ./Core/Src/main.o
 .debug_info    0x0000283c      0x2c0 ./Core/Src/stm32l4xx_hal_msp.o
 .debug_info    0x00002afc      0x11a ./Core/Src/stm32l4xx_it.o
 .debug_info    0x00002c16      0x168 ./Core/Src/sysmem.o
 .debug_info    0x00002d7e      0x5b1 ./Core/Src/system_stm32l4xx.o
 .debug_info    0x0000332f       0x30 ./Core/Startup/startup_stm32l476rgtx.o
 .debug_info    0x0000335f      0xaeb ./Drivers/STM32L4xx_HAL_Driver/Src/stm32l4xx_hal.o
 .debug_info    0x00003e4a      0xd81 ./Drivers/STM32L4xx_HAL_Driver/Src/stm32l4xx_hal_cortex.o
 .debug_info    0x00004bcb      0x99e ./Drivers/STM32L4xx_HAL_Driver/Src/stm32l4xx_hal_pwr_ex.o
 .debug_info    0x00005569      0xc14 ./Drivers/STM32L4xx_HAL_Driver/Src/stm32l4xx_hal_rcc.o

.debug_abbrev   0x00000000     0x170e
 .debug_abbrev  0x00000000      0x143 ./Core/Src/ADC.o
 .debug_abbrev  0x00000143       0xb5 ./Core/Src/DAC1_CH1.o
 .debug_abbrev  0x000001f8      0x214 ./Core/Src/DMA.o
 .debug_abbrev  0x0000040c      0x168 ./Core/Src/DelayFilter.o
 .debug_abbrev  0x00000574       0xb7 ./Core/Src/LED_Debug.o
 .debug_abbrev  0x0000062b       0xec ./Core/Src/LPF.o
 .debug_abbrev  0x00000717       0xa3 ./Core/Src/TIM.o
 .debug_abbrev  0x000007ba      0x1ff ./Core/Src/main.o
 .debug_abbrev  0x000009b9       0xc6 ./Core/Src/stm32l4xx_hal_msp.o
 .debug_abbrev  0x00000a7f       0x73 ./Core/Src/stm32l4xx_it.o
 .debug_abbrev  0x00000af2       0xbc ./Core/Src/sysmem.o
 .debug_abbrev  0x00000bae      0x11a ./Core/Src/system_stm32l4xx.o
 .debug_abbrev  0x00000cc8       0x24 ./Core/Startup/startup_stm32l476rgtx.o
 .debug_abbrev  0x00000cec      0x242 ./Drivers/STM32L4xx_HAL_Driver/Src/stm32l4xx_hal.o
 .debug_abbrev  0x00000f2e      0x31c ./Drivers/STM32L4xx_HAL_Driver/Src/stm32l4xx_hal_cortex.o
 .debug_abbrev  0x0000124a      0x1f9 ./Drivers/STM32L4xx_HAL_Driver/Src/stm32l4xx_hal_pwr_ex.o
 .debug_abbrev  0x00001443      0x2cb ./Drivers/STM32L4xx_HAL_Driver/Src/stm32l4xx_hal_rcc.o

.debug_aranges  0x00000000      0x6c0
 .debug_aranges
                0x00000000       0x28 ./Core/Src/ADC.o
 .debug_aranges
                0x00000028       0x20 ./Core/Src/DAC1_CH1.o
 .debug_aranges
                0x00000048       0x48 ./Core/Src/DMA.o
 .debug_aranges
                0x00000090       0x40 ./Core/Src/DelayFilter.o
 .debug_aranges
                0x000000d0       0x30 ./Core/Src/LED_Debug.o
 .debug_aranges
                0x00000100       0x30 ./Core/Src/LPF.o
 .debug_aranges
                0x00000130       0x20 ./Core/Src/TIM.o
 .debug_aranges
                0x00000150       0x38 ./Core/Src/main.o
 .debug_aranges
                0x00000188       0x20 ./Core/Src/stm32l4xx_hal_msp.o
 .debug_aranges
                0x000001a8       0x60 ./Core/Src/stm32l4xx_it.o
 .debug_aranges
                0x00000208       0x20 ./Core/Src/sysmem.o
 .debug_aranges
                0x00000228       0x28 ./Core/Src/system_stm32l4xx.o
 .debug_aranges
                0x00000250       0x28 ./Core/Startup/startup_stm32l476rgtx.o
 .debug_aranges
                0x00000278      0x130 ./Drivers/STM32L4xx_HAL_Driver/Src/stm32l4xx_hal.o
 .debug_aranges
                0x000003a8      0x128 ./Drivers/STM32L4xx_HAL_Driver/Src/stm32l4xx_hal_cortex.o
 .debug_aranges
                0x000004d0      0x160 ./Drivers/STM32L4xx_HAL_Driver/Src/stm32l4xx_hal_pwr_ex.o
 .debug_aranges
                0x00000630       0x90 ./Drivers/STM32L4xx_HAL_Driver/Src/stm32l4xx_hal_rcc.o

.debug_rnglists
                0x00000000      0x4d3
 .debug_rnglists
                0x00000000       0x1a ./Core/Src/ADC.o
 .debug_rnglists
                0x0000001a       0x14 ./Core/Src/DAC1_CH1.o
 .debug_rnglists
                0x0000002e       0x33 ./Core/Src/DMA.o
 .debug_rnglists
                0x00000061       0x2b ./Core/Src/DelayFilter.o
 .debug_rnglists
                0x0000008c       0x20 ./Core/Src/LED_Debug.o
 .debug_rnglists
                0x000000ac       0x21 ./Core/Src/LPF.o
 .debug_rnglists
                0x000000cd       0x13 ./Core/Src/TIM.o
 .debug_rnglists
                0x000000e0       0x28 ./Core/Src/main.o
 .debug_rnglists
                0x00000108       0x13 ./Core/Src/stm32l4xx_hal_msp.o
 .debug_rnglists
                0x0000011b       0x43 ./Core/Src/stm32l4xx_it.o
 .debug_rnglists
                0x0000015e       0x13 ./Core/Src/sysmem.o
 .debug_rnglists
                0x00000171       0x1a ./Core/Src/system_stm32l4xx.o
 .debug_rnglists
                0x0000018b       0x19 ./Core/Startup/startup_stm32l476rgtx.o
 .debug_rnglists
                0x000001a4       0xdf ./Drivers/STM32L4xx_HAL_Driver/Src/stm32l4xx_hal.o
 .debug_rnglists
                0x00000283       0xda ./Drivers/STM32L4xx_HAL_Driver/Src/stm32l4xx_hal_cortex.o
 .debug_rnglists
                0x0000035d      0x109 ./Drivers/STM32L4xx_HAL_Driver/Src/stm32l4xx_hal_pwr_ex.o
 .debug_rnglists
                0x00000466       0x6d ./Drivers/STM32L4xx_HAL_Driver/Src/stm32l4xx_hal_rcc.o

.debug_macro    0x00000000    0x25e5a
 .debug_macro   0x00000000      0x1c7 ./Core/Src/ADC.o
 .debug_macro   0x000001c7      0xab4 ./Core/Src/ADC.o
 .debug_macro   0x00000c7b      0x19b ./Core/Src/ADC.o
 .debug_macro   0x00000e16       0x2e ./Core/Src/ADC.o
 .debug_macro   0x00000e44       0x28 ./Core/Src/ADC.o
 .debug_macro   0x00000e6c       0x22 ./Core/Src/ADC.o
 .debug_macro   0x00000e8e       0x8e ./Core/Src/ADC.o
 .debug_macro   0x00000f1c       0x51 ./Core/Src/ADC.o
 .debug_macro   0x00000f6d      0x103 ./Core/Src/ADC.o
 .debug_macro   0x00001070       0x6a ./Core/Src/ADC.o
 .debug_macro   0x000010da      0x1df ./Core/Src/ADC.o
 .debug_macro   0x000012b9       0x1c ./Core/Src/ADC.o
 .debug_macro   0x000012d5       0x22 ./Core/Src/ADC.o
 .debug_macro   0x000012f7       0xfb ./Core/Src/ADC.o
 .debug_macro   0x000013f2     0x1011 ./Core/Src/ADC.o
 .debug_macro   0x00002403      0x11f ./Core/Src/ADC.o
 .debug_macro   0x00002522    0x1a17a ./Core/Src/ADC.o
 .debug_macro   0x0001c69c       0x6d ./Core/Src/ADC.o
 .debug_macro   0x0001c709     0x38fb ./Core/Src/ADC.o
 .debug_macro   0x00020004      0x189 ./Core/Src/ADC.o
 .debug_macro   0x0002018d       0x5c ./Core/Src/ADC.o
 .debug_macro   0x000201e9     0x159e ./Core/Src/ADC.o
 .debug_macro   0x00021787      0x5a5 ./Core/Src/ADC.o
 .debug_macro   0x00021d2c      0x1b9 ./Core/Src/ADC.o
 .debug_macro   0x00021ee5      0x18b ./Core/Src/ADC.o
 .debug_macro   0x00022070      0x26b ./Core/Src/ADC.o
 .debug_macro   0x000222db      0x23d ./Core/Src/ADC.o
 .debug_macro   0x00022518      0x241 ./Core/Src/ADC.o
 .debug_macro   0x00022759      0x37c ./Core/Src/ADC.o
 .debug_macro   0x00022ad5       0xd6 ./Core/Src/ADC.o
 .debug_macro   0x00022bab      0x122 ./Core/Src/ADC.o
 .debug_macro   0x00022ccd      0x3ef ./Core/Src/ADC.o
 .debug_macro   0x000230bc      0x330 ./Core/Src/ADC.o
 .debug_macro   0x000233ec       0x10 ./Core/Src/ADC.o
 .debug_macro   0x000233fc       0x58 ./Core/Src/ADC.o
 .debug_macro   0x00023454       0x1c ./Core/Src/ADC.o
 .debug_macro   0x00023470      0x1d1 ./Core/Src/DAC1_CH1.o
 .debug_macro   0x00023641       0x22 ./Core/Src/DAC1_CH1.o
 .debug_macro   0x00023663      0x1d1 ./Core/Src/DMA.o
 .debug_macro   0x00023834       0x22 ./Core/Src/DMA.o
 .debug_macro   0x00023856      0x28e ./Core/Src/DelayFilter.o
 .debug_macro   0x00023ae4       0x2a ./Core/Src/DelayFilter.o
 .debug_macro   0x00023b0e       0x61 ./Core/Src/DelayFilter.o
 .debug_macro   0x00023b6f       0x43 ./Core/Src/DelayFilter.o
 .debug_macro   0x00023bb2       0x34 ./Core/Src/DelayFilter.o
 .debug_macro   0x00023be6       0x16 ./Core/Src/DelayFilter.o
 .debug_macro   0x00023bfc       0x35 ./Core/Src/DelayFilter.o
 .debug_macro   0x00023c31       0x16 ./Core/Src/DelayFilter.o
 .debug_macro   0x00023c47       0x43 ./Core/Src/DelayFilter.o
 .debug_macro   0x00023c8a       0x34 ./Core/Src/DelayFilter.o
 .debug_macro   0x00023cbe       0x10 ./Core/Src/DelayFilter.o
 .debug_macro   0x00023cce       0x58 ./Core/Src/DelayFilter.o
 .debug_macro   0x00023d26       0x8e ./Core/Src/DelayFilter.o
 .debug_macro   0x00023db4       0x1c ./Core/Src/DelayFilter.o
 .debug_macro   0x00023dd0      0x177 ./Core/Src/DelayFilter.o
 .debug_macro   0x00023f47      0x369 ./Core/Src/DelayFilter.o
 .debug_macro   0x000242b0       0x16 ./Core/Src/DelayFilter.o
 .debug_macro   0x000242c6       0x29 ./Core/Src/DelayFilter.o
 .debug_macro   0x000242ef      0x1c8 ./Core/Src/LED_Debug.o
 .debug_macro   0x000244b7      0x26d ./Core/Src/LPF.o
 .debug_macro   0x00024724      0x19b ./Core/Src/LPF.o
 .debug_macro   0x000248bf      0x1d1 ./Core/Src/TIM.o
 .debug_macro   0x00024a90       0x10 ./Core/Src/TIM.o
 .debug_macro   0x00024aa0      0x2f7 ./Core/Src/main.o
 .debug_macro   0x00024d97       0x28 ./Core/Src/main.o
 .debug_macro   0x00024dbf       0x16 ./Core/Src/main.o
 .debug_macro   0x00024dd5       0x12 ./Core/Src/main.o
 .debug_macro   0x00024de7       0x10 ./Core/Src/main.o
 .debug_macro   0x00024df7       0x20 ./Core/Src/main.o
 .debug_macro   0x00024e17       0xd6 ./Core/Src/main.o
 .debug_macro   0x00024eed      0x1be ./Core/Src/stm32l4xx_hal_msp.o
 .debug_macro   0x000250ab      0x1c8 ./Core/Src/stm32l4xx_it.o
 .debug_macro   0x00025273       0xff ./Core/Src/sysmem.o
 .debug_macro   0x00025372      0x23c ./Core/Src/sysmem.o
 .debug_macro   0x000255ae      0x198 ./Core/Src/system_stm32l4xx.o
 .debug_macro   0x00025746      0x1e6 ./Drivers/STM32L4xx_HAL_Driver/Src/stm32l4xx_hal.o
 .debug_macro   0x0002592c      0x198 ./Drivers/STM32L4xx_HAL_Driver/Src/stm32l4xx_hal_cortex.o
 .debug_macro   0x00025ac4      0x1bc ./Drivers/STM32L4xx_HAL_Driver/Src/stm32l4xx_hal_pwr_ex.o
 .debug_macro   0x00025c80      0x1da ./Drivers/STM32L4xx_HAL_Driver/Src/stm32l4xx_hal_rcc.o

.debug_line     0x00000000     0x92b4
 .debug_line    0x00000000      0x816 ./Core/Src/ADC.o
 .debug_line    0x00000816      0x752 ./Core/Src/DAC1_CH1.o
 .debug_line    0x00000f68      0x910 ./Core/Src/DMA.o
 .debug_line    0x00001878      0x973 ./Core/Src/DelayFilter.o
 .debug_line    0x000021eb      0x776 ./Core/Src/LED_Debug.o
 .debug_line    0x00002961      0x8b2 ./Core/Src/LPF.o
 .debug_line    0x00003213      0x718 ./Core/Src/TIM.o
 .debug_line    0x0000392b      0x9c3 ./Core/Src/main.o
 .debug_line    0x000042ee      0x6fd ./Core/Src/stm32l4xx_hal_msp.o
 .debug_line    0x000049eb      0x7c0 ./Core/Src/stm32l4xx_it.o
 .debug_line    0x000051ab      0x579 ./Core/Src/sysmem.o
 .debug_line    0x00005724      0x77e ./Core/Src/system_stm32l4xx.o
 .debug_line    0x00005ea2       0x7a ./Core/Startup/startup_stm32l476rgtx.o
 .debug_line    0x00005f1c      0xad9 ./Drivers/STM32L4xx_HAL_Driver/Src/stm32l4xx_hal.o
 .debug_line    0x000069f5      0xca2 ./Drivers/STM32L4xx_HAL_Driver/Src/stm32l4xx_hal_cortex.o
 .debug_line    0x00007697      0xccb ./Drivers/STM32L4xx_HAL_Driver/Src/stm32l4xx_hal_pwr_ex.o
 .debug_line    0x00008362      0xf52 ./Drivers/STM32L4xx_HAL_Driver/Src/stm32l4xx_hal_rcc.o

.debug_str      0x00000000    0xe2b65
 .debug_str     0x00000000    0xdc686 ./Core/Src/ADC.o
                              0xdc95c (size before relaxing)
 .debug_str     0x000dc686       0xea ./Core/Src/DAC1_CH1.o
                              0xdc8d7 (size before relaxing)
 .debug_str     0x000dc770      0x695 ./Core/Src/DMA.o
                              0xdd069 (size before relaxing)
 .debug_str     0x000dce05     0x3295 ./Core/Src/DelayFilter.o
                              0xdf927 (size before relaxing)
 .debug_str     0x000e009a       0x3a ./Core/Src/LED_Debug.o
                              0xdc84c (size before relaxing)
 .debug_str     0x000e00d4      0x870 ./Core/Src/LPF.o
                              0xdffa7 (size before relaxing)
 .debug_str     0x000e0944       0x50 ./Core/Src/TIM.o
                              0xdc84f (size before relaxing)
 .debug_str     0x000e0994      0x850 ./Core/Src/main.o
                              0xe0a9c (size before relaxing)
 .debug_str     0x000e11e4       0x33 ./Core/Src/stm32l4xx_hal_msp.o
                              0xdc7e9 (size before relaxing)
 .debug_str     0x000e1217       0xc9 ./Core/Src/stm32l4xx_it.o
                              0xdc722 (size before relaxing)
 .debug_str     0x000e12e0      0x4dc ./Core/Src/sysmem.o
                               0x60cc (size before relaxing)
 .debug_str     0x000e17bc       0x9e ./Core/Src/system_stm32l4xx.o
                              0xdc76d (size before relaxing)
 .debug_str     0x000e185a       0x44 ./Core/Startup/startup_stm32l476rgtx.o
                                 0x7f (size before relaxing)
 .debug_str     0x000e189e      0x660 ./Drivers/STM32L4xx_HAL_Driver/Src/stm32l4xx_hal.o
                              0xdd300 (size before relaxing)
 .debug_str     0x000e1efe      0x34d ./Drivers/STM32L4xx_HAL_Driver/Src/stm32l4xx_hal_cortex.o
                              0xdcfe6 (size before relaxing)
 .debug_str     0x000e224b      0x52a ./Drivers/STM32L4xx_HAL_Driver/Src/stm32l4xx_hal_pwr_ex.o
                              0xdccc8 (size before relaxing)
 .debug_str     0x000e2775      0x3f0 ./Drivers/STM32L4xx_HAL_Driver/Src/stm32l4xx_hal_rcc.o
                              0xdcdb3 (size before relaxing)

.comment        0x00000000       0x43
 .comment       0x00000000       0x43 ./Core/Src/ADC.o
                                 0x44 (size before relaxing)
 .comment       0x00000043       0x44 ./Core/Src/DAC1_CH1.o
 .comment       0x00000043       0x44 ./Core/Src/DMA.o
 .comment       0x00000043       0x44 ./Core/Src/DelayFilter.o
 .comment       0x00000043       0x44 ./Core/Src/LED_Debug.o
 .comment       0x00000043       0x44 ./Core/Src/LPF.o
 .comment       0x00000043       0x44 ./Core/Src/TIM.o
 .comment       0x00000043       0x44 ./Core/Src/main.o
 .comment       0x00000043       0x44 ./Core/Src/stm32l4xx_hal_msp.o
 .comment       0x00000043       0x44 ./Core/Src/stm32l4xx_it.o
 .comment       0x00000043       0x44 ./Core/Src/sysmem.o
 .comment       0x00000043       0x44 ./Core/Src/system_stm32l4xx.o
 .comment       0x00000043       0x44 ./Drivers/STM32L4xx_HAL_Driver/Src/stm32l4xx_hal.o
 .comment       0x00000043       0x44 ./Drivers/STM32L4xx_HAL_Driver/Src/stm32l4xx_hal_cortex.o
 .comment       0x00000043       0x44 ./Drivers/STM32L4xx_HAL_Driver/Src/stm32l4xx_hal_pwr_ex.o
 .comment       0x00000043       0x44 ./Drivers/STM32L4xx_HAL_Driver/Src/stm32l4xx_hal_rcc.o

.debug_frame    0x00000000     0x1b84
 .debug_frame   0x00000000       0x58 ./Core/Src/ADC.o
 .debug_frame   0x00000058       0x30 ./Core/Src/DAC1_CH1.o
 .debug_frame   0x00000088       0xe0 ./Core/Src/DMA.o
 .debug_frame   0x00000168       0xcc ./Core/Src/DelayFilter.o
 .debug_frame   0x00000234       0x70 ./Core/Src/LED_Debug.o
 .debug_frame   0x000002a4       0x84 ./Core/Src/LPF.o
 .debug_frame   0x00000328       0x30 ./Core/Src/TIM.o
 .debug_frame   0x00000358       0x94 ./Core/Src/main.o
 .debug_frame   0x000003ec       0x38 ./Core/Src/stm32l4xx_hal_msp.o
 .debug_frame   0x00000424      0x104 ./Core/Src/stm32l4xx_it.o
 .debug_frame   0x00000528       0x34 ./Core/Src/sysmem.o
 .debug_frame   0x0000055c       0x58 ./Core/Src/system_stm32l4xx.o
 .debug_frame   0x000005b4      0x498 ./Drivers/STM32L4xx_HAL_Driver/Src/stm32l4xx_hal.o
 .debug_frame   0x00000a4c      0x4e8 ./Drivers/STM32L4xx_HAL_Driver/Src/stm32l4xx_hal_cortex.o
 .debug_frame   0x00000f34      0x584 ./Drivers/STM32L4xx_HAL_Driver/Src/stm32l4xx_hal_pwr_ex.o
 .debug_frame   0x000014b8      0x21c ./Drivers/STM32L4xx_HAL_Driver/Src/stm32l4xx_hal_rcc.o
 .debug_frame   0x000016d4       0x20 C:/ST/STM32CubeIDE_1.15.0/STM32CubeIDE/plugins/com.st.stm32cube.ide.mcu.externaltools.gnu-tools-for-stm32.12.3.rel1.win32_1.1.0.202410251130/tools/bin/../lib/gcc/arm-none-eabi/12.3.1/../../../../arm-none-eabi/lib/thumb/v7e-m+fp/hard\libc_nano.a(libc_a-calloc.o)
 .debug_frame   0x000016f4       0x2c C:/ST/STM32CubeIDE_1.15.0/STM32CubeIDE/plugins/com.st.stm32cube.ide.mcu.externaltools.gnu-tools-for-stm32.12.3.rel1.win32_1.1.0.202410251130/tools/bin/../lib/gcc/arm-none-eabi/12.3.1/../../../../arm-none-eabi/lib/thumb/v7e-m+fp/hard\libc_nano.a(libc_a-callocr.o)
 .debug_frame   0x00001720       0x50 C:/ST/STM32CubeIDE_1.15.0/STM32CubeIDE/plugins/com.st.stm32cube.ide.mcu.externaltools.gnu-tools-for-stm32.12.3.rel1.win32_1.1.0.202410251130/tools/bin/../lib/gcc/arm-none-eabi/12.3.1/../../../../arm-none-eabi/lib/thumb/v7e-m+fp/hard\libc_nano.a(libc_a-mallocr.o)
 .debug_frame   0x00001770       0x30 C:/ST/STM32CubeIDE_1.15.0/STM32CubeIDE/plugins/com.st.stm32cube.ide.mcu.externaltools.gnu-tools-for-stm32.12.3.rel1.win32_1.1.0.202410251130/tools/bin/../lib/gcc/arm-none-eabi/12.3.1/../../../../arm-none-eabi/lib/thumb/v7e-m+fp/hard\libc_nano.a(libc_a-mlock.o)
 .debug_frame   0x000017a0      0x144 C:/ST/STM32CubeIDE_1.15.0/STM32CubeIDE/plugins/com.st.stm32cube.ide.mcu.externaltools.gnu-tools-for-stm32.12.3.rel1.win32_1.1.0.202410251130/tools/bin/../lib/gcc/arm-none-eabi/12.3.1/../../../../arm-none-eabi/lib/thumb/v7e-m+fp/hard\libc_nano.a(libc_a-findfp.o)
 .debug_frame   0x000018e4       0x20 C:/ST/STM32CubeIDE_1.15.0/STM32CubeIDE/plugins/com.st.stm32cube.ide.mcu.externaltools.gnu-tools-for-stm32.12.3.rel1.win32_1.1.0.202410251130/tools/bin/../lib/gcc/arm-none-eabi/12.3.1/../../../../arm-none-eabi/lib/thumb/v7e-m+fp/hard\libc_nano.a(libc_a-memset.o)
 .debug_frame   0x00001904       0x38 C:/ST/STM32CubeIDE_1.15.0/STM32CubeIDE/plugins/com.st.stm32cube.ide.mcu.externaltools.gnu-tools-for-stm32.12.3.rel1.win32_1.1.0.202410251130/tools/bin/../lib/gcc/arm-none-eabi/12.3.1/../../../../arm-none-eabi/lib/thumb/v7e-m+fp/hard\libc_nano.a(libc_a-reent.o)
 .debug_frame   0x0000193c       0x2c C:/ST/STM32CubeIDE_1.15.0/STM32CubeIDE/plugins/com.st.stm32cube.ide.mcu.externaltools.gnu-tools-for-stm32.12.3.rel1.win32_1.1.0.202410251130/tools/bin/../lib/gcc/arm-none-eabi/12.3.1/../../../../arm-none-eabi/lib/thumb/v7e-m+fp/hard\libc_nano.a(libc_a-sbrkr.o)
 .debug_frame   0x00001968       0x20 C:/ST/STM32CubeIDE_1.15.0/STM32CubeIDE/plugins/com.st.stm32cube.ide.mcu.externaltools.gnu-tools-for-stm32.12.3.rel1.win32_1.1.0.202410251130/tools/bin/../lib/gcc/arm-none-eabi/12.3.1/../../../../arm-none-eabi/lib/thumb/v7e-m+fp/hard\libc_nano.a(libc_a-errno.o)
 .debug_frame   0x00001988       0x2c C:/ST/STM32CubeIDE_1.15.0/STM32CubeIDE/plugins/com.st.stm32cube.ide.mcu.externaltools.gnu-tools-for-stm32.12.3.rel1.win32_1.1.0.202410251130/tools/bin/../lib/gcc/arm-none-eabi/12.3.1/../../../../arm-none-eabi/lib/thumb/v7e-m+fp/hard\libc_nano.a(libc_a-init.o)
 .debug_frame   0x000019b4       0xb0 C:/ST/STM32CubeIDE_1.15.0/STM32CubeIDE/plugins/com.st.stm32cube.ide.mcu.externaltools.gnu-tools-for-stm32.12.3.rel1.win32_1.1.0.202410251130/tools/bin/../lib/gcc/arm-none-eabi/12.3.1/../../../../arm-none-eabi/lib/thumb/v7e-m+fp/hard\libc_nano.a(libc_a-lock.o)
 .debug_frame   0x00001a64       0xac C:/ST/STM32CubeIDE_1.15.0/STM32CubeIDE/plugins/com.st.stm32cube.ide.mcu.externaltools.gnu-tools-for-stm32.12.3.rel1.win32_1.1.0.202410251130/tools/bin/../lib/gcc/arm-none-eabi/12.3.1/thumb/v7e-m+fp/hard\libgcc.a(_arm_addsubdf3.o)
 .debug_frame   0x00001b10       0x50 C:/ST/STM32CubeIDE_1.15.0/STM32CubeIDE/plugins/com.st.stm32cube.ide.mcu.externaltools.gnu-tools-for-stm32.12.3.rel1.win32_1.1.0.202410251130/tools/bin/../lib/gcc/arm-none-eabi/12.3.1/thumb/v7e-m+fp/hard\libgcc.a(_arm_muldivdf3.o)
 .debug_frame   0x00001b60       0x24 C:/ST/STM32CubeIDE_1.15.0/STM32CubeIDE/plugins/com.st.stm32cube.ide.mcu.externaltools.gnu-tools-for-stm32.12.3.rel1.win32_1.1.0.202410251130/tools/bin/../lib/gcc/arm-none-eabi/12.3.1/thumb/v7e-m+fp/hard\libgcc.a(_arm_truncdfsf2.o)

.debug_line_str
                0x00000000       0x63
 .debug_line_str
                0x00000000       0x63 ./Core/Startup/startup_stm32l476rgtx.o
