Archive member included to satisfy reference by file (symbol)

C:/ST/STM32CubeIDE_1.15.0/STM32CubeIDE/plugins/com.st.stm32cube.ide.mcu.externaltools.gnu-tools-for-stm32.12.3.rel1.win32_1.1.0.202410251130/tools/bin/../lib/gcc/arm-none-eabi/12.3.1/../../../../arm-none-eabi/lib/thumb/v7e-m+fp/hard\libc_nano.a(libc_a-calloc.o)
                              ./Core/Src/DelayFilter.o (calloc)
C:/ST/STM32CubeIDE_1.15.0/STM32CubeIDE/plugins/com.st.stm32cube.ide.mcu.externaltools.gnu-tools-for-stm32.12.3.rel1.win32_1.1.0.202410251130/tools/bin/../lib/gcc/arm-none-eabi/12.3.1/../../../../arm-none-eabi/lib/thumb/v7e-m+fp/hard\libc_nano.a(libc_a-callocr.o)
                              C:/ST/STM32CubeIDE_1.15.0/STM32CubeIDE/plugins/com.st.stm32cube.ide.mcu.externaltools.gnu-tools-for-stm32.12.3.rel1.win32_1.1.0.202410251130/tools/bin/../lib/gcc/arm-none-eabi/12.3.1/../../../../arm-none-eabi/lib/thumb/v7e-m+fp/hard\libc_nano.a(libc_a-calloc.o) (_calloc_r)
C:/ST/STM32CubeIDE_1.15.0/STM32CubeIDE/plugins/com.st.stm32cube.ide.mcu.externaltools.gnu-tools-for-stm32.12.3.rel1.win32_1.1.0.202410251130/tools/bin/../lib/gcc/arm-none-eabi/12.3.1/../../../../arm-none-eabi/lib/thumb/v7e-m+fp/hard\libc_nano.a(libc_a-exit.o)
                              C:/ST/STM32CubeIDE_1.15.0/STM32CubeIDE/plugins/com.st.stm32cube.ide.mcu.externaltools.gnu-tools-for-stm32.12.3.rel1.win32_1.1.0.202410251130/tools/bin/../lib/gcc/arm-none-eabi/12.3.1/../../../../arm-none-eabi/lib/thumb/v7e-m+fp/hard/crt0.o (exit)
C:/ST/STM32CubeIDE_1.15.0/STM32CubeIDE/plugins/com.st.stm32cube.ide.mcu.externaltools.gnu-tools-for-stm32.12.3.rel1.win32_1.1.0.202410251130/tools/bin/../lib/gcc/arm-none-eabi/12.3.1/../../../../arm-none-eabi/lib/thumb/v7e-m+fp/hard\libc_nano.a(libc_a-mallocr.o)
                              C:/ST/STM32CubeIDE_1.15.0/STM32CubeIDE/plugins/com.st.stm32cube.ide.mcu.externaltools.gnu-tools-for-stm32.12.3.rel1.win32_1.1.0.202410251130/tools/bin/../lib/gcc/arm-none-eabi/12.3.1/../../../../arm-none-eabi/lib/thumb/v7e-m+fp/hard\libc_nano.a(libc_a-callocr.o) (_malloc_r)
C:/ST/STM32CubeIDE_1.15.0/STM32CubeIDE/plugins/com.st.stm32cube.ide.mcu.externaltools.gnu-tools-for-stm32.12.3.rel1.win32_1.1.0.202410251130/tools/bin/../lib/gcc/arm-none-eabi/12.3.1/../../../../arm-none-eabi/lib/thumb/v7e-m+fp/hard\libc_nano.a(libc_a-mlock.o)
                              C:/ST/STM32CubeIDE_1.15.0/STM32CubeIDE/plugins/com.st.stm32cube.ide.mcu.externaltools.gnu-tools-for-stm32.12.3.rel1.win32_1.1.0.202410251130/tools/bin/../lib/gcc/arm-none-eabi/12.3.1/../../../../arm-none-eabi/lib/thumb/v7e-m+fp/hard\libc_nano.a(libc_a-mallocr.o) (__malloc_lock)
C:/ST/STM32CubeIDE_1.15.0/STM32CubeIDE/plugins/com.st.stm32cube.ide.mcu.externaltools.gnu-tools-for-stm32.12.3.rel1.win32_1.1.0.202410251130/tools/bin/../lib/gcc/arm-none-eabi/12.3.1/../../../../arm-none-eabi/lib/thumb/v7e-m+fp/hard\libc_nano.a(libc_a-realloc.o)
                              ./Core/Src/DelayFilter.o (realloc)
C:/ST/STM32CubeIDE_1.15.0/STM32CubeIDE/plugins/com.st.stm32cube.ide.mcu.externaltools.gnu-tools-for-stm32.12.3.rel1.win32_1.1.0.202410251130/tools/bin/../lib/gcc/arm-none-eabi/12.3.1/../../../../arm-none-eabi/lib/thumb/v7e-m+fp/hard\libc_nano.a(libc_a-reallocr.o)
                              C:/ST/STM32CubeIDE_1.15.0/STM32CubeIDE/plugins/com.st.stm32cube.ide.mcu.externaltools.gnu-tools-for-stm32.12.3.rel1.win32_1.1.0.202410251130/tools/bin/../lib/gcc/arm-none-eabi/12.3.1/../../../../arm-none-eabi/lib/thumb/v7e-m+fp/hard\libc_nano.a(libc_a-realloc.o) (_realloc_r)
C:/ST/STM32CubeIDE_1.15.0/STM32CubeIDE/plugins/com.st.stm32cube.ide.mcu.externaltools.gnu-tools-for-stm32.12.3.rel1.win32_1.1.0.202410251130/tools/bin/../lib/gcc/arm-none-eabi/12.3.1/../../../../arm-none-eabi/lib/thumb/v7e-m+fp/hard\libc_nano.a(libc_a-findfp.o)
                              C:/ST/STM32CubeIDE_1.15.0/STM32CubeIDE/plugins/com.st.stm32cube.ide.mcu.externaltools.gnu-tools-for-stm32.12.3.rel1.win32_1.1.0.202410251130/tools/bin/../lib/gcc/arm-none-eabi/12.3.1/../../../../arm-none-eabi/lib/thumb/v7e-m+fp/hard\libc_nano.a(libc_a-exit.o) (__stdio_exit_handler)
C:/ST/STM32CubeIDE_1.15.0/STM32CubeIDE/plugins/com.st.stm32cube.ide.mcu.externaltools.gnu-tools-for-stm32.12.3.rel1.win32_1.1.0.202410251130/tools/bin/../lib/gcc/arm-none-eabi/12.3.1/../../../../arm-none-eabi/lib/thumb/v7e-m+fp/hard\libc_nano.a(libc_a-fwalk.o)
                              C:/ST/STM32CubeIDE_1.15.0/STM32CubeIDE/plugins/com.st.stm32cube.ide.mcu.externaltools.gnu-tools-for-stm32.12.3.rel1.win32_1.1.0.202410251130/tools/bin/../lib/gcc/arm-none-eabi/12.3.1/../../../../arm-none-eabi/lib/thumb/v7e-m+fp/hard\libc_nano.a(libc_a-findfp.o) (_fwalk_sglue)
C:/ST/STM32CubeIDE_1.15.0/STM32CubeIDE/plugins/com.st.stm32cube.ide.mcu.externaltools.gnu-tools-for-stm32.12.3.rel1.win32_1.1.0.202410251130/tools/bin/../lib/gcc/arm-none-eabi/12.3.1/../../../../arm-none-eabi/lib/thumb/v7e-m+fp/hard\libc_nano.a(libc_a-stdio.o)
[...]
Memory Configuration

Name             Origin             Length             Attributes
RAM              0x20000000         0x00018000         xrw
RAM2             0x10000000         0x00008000         xrw
FLASH            0x08000000         0x00100000         xr
*default*        0x00000000         0xffffffff

Linker script and memory map

LOAD C:/ST/STM32CubeIDE_1.15.0/STM32CubeIDE/plugins/com.st.stm32cube.ide.mcu.externaltools.gnu-tools-for-stm32.12.3.rel1.win32_1.1.0.202410251130/tools/bin/../lib/gcc/arm-none-eabi/12.3.1/thumb/v7e-m+fp/hard/crti.o
LOAD C:/ST/STM32CubeIDE_1.15.0/STM32CubeIDE/plugins/com.st.stm32cube.ide.mcu.externaltools.gnu-tools-for-stm32.12.3.rel1.win32_1.1.0.202410251130/tools/bin/../lib/gcc/arm-none-eabi/12.3.1/thumb/v7e-m+fp/hard/crtbegin.o
LOAD C:/ST/STM32CubeIDE_1.15.0/STM32CubeIDE/plugins/com.st.stm32cube.ide.mcu.externaltools.gnu-tools-for-stm32.12.3.rel1.win32_1.1.0.202410251130/tools/bin/../lib/gcc/arm-none-eabi/12.3.1/../../../../arm-none-eabi/lib/thumb/v7e-m+fp/hard/crt0.o
LOAD ./Core/Src/ADC.o
LOAD ./Core/Src/DAC.o
LOAD ./Core/Src/DAC1_CH1.o
LOAD ./Core/Src/DMA.o
LOAD ./Core/Src/Delay.o
LOAD ./Core/Src/DelayFilter.o
LOAD ./Core/Src/HPF.o
LOAD ./Core/Src/Keypad.o
LOAD ./Core/Src/LED_Debug.o
LOAD ./Core/Src/LPF.o
LOAD ./Core/Src/NoiseGate.o
LOAD ./Core/Src/TIM.o
LOAD ./Core/Src/main.o
LOAD ./Core/Src/stm32l4xx_hal_msp.o
LOAD ./Core/Src/stm32l4xx_it.o
LOAD ./Core/Src/syscalls.o
LOAD ./Core/Src/sysmem.o
LOAD ./Core/Src/system_stm32l4xx.o
LOAD ./Core/Startup/startup_stm32l476rgtx.o
LOAD ./Drivers/STM32L4xx_HAL_Driver/Src/stm32l4xx_hal.o
LOAD ./Drivers/STM32L4xx_HAL_Driver/Src/stm32l4xx_hal_cortex.o
LOAD ./Drivers/STM32L4xx_HAL_Driver/Src/stm32l4xx_hal_dma.o
LOAD ./Drivers/STM32L4xx_HAL_Driver/Src/stm32l4xx_hal_dma_ex.o
LOAD ./Drivers/STM32L4xx_HAL_Driver/Src/stm32l4xx_hal_exti.o
LOAD ./Drivers/STM32L4xx_HAL_Driver/Src/stm32l4xx_hal_flash.o
LOAD ./Drivers/STM32L4xx_HAL_Driver/Src/stm32l4xx_hal_flash_ex.o
LOAD ./Drivers/STM32L4xx_HAL_Driver/Src/stm32l4xx_hal_flash_ramfunc.o
LOAD ./Drivers/STM32L4xx_HAL_Driver/Src/stm32l4xx_hal_gpio.o
LOAD ./Drivers/STM32L4xx_HAL_Driver/Src/stm32l4xx_hal_i2c.o
LOAD ./Drivers/STM32L4xx_HAL_Driver/Src/stm32l4xx_hal_i2c_ex.o
LOAD ./Drivers/STM32L4xx_HAL_Driver/Src/stm32l4xx_hal_pwr.o
LOAD ./Drivers/STM32L4xx_HAL_Driver/Src/stm32l4xx_hal_pwr_ex.o
LOAD ./Drivers/STM32L4xx_HAL_Driver/Src/stm32l4xx_hal_rcc.o
LOAD ./Drivers/STM32L4xx_HAL_Driver/Src/stm32l4xx_hal_rcc_ex.o
LOAD C:\Users\vicer\STM32CubeIDE\workspace_1.15.0\FXpedal\Lib\libarm_cortexM4lf_math.a
START GROUP
LOAD C:/ST/STM32CubeIDE_1.15.0/STM32CubeIDE/plugins/com.st.stm32cube.ide.mcu.externaltools.gnu-tools-for-stm32.12.3.rel1.win32_1.1.0.202410251130/tools/bin/../lib/gcc/arm-none-eabi/12.3.1/../../../../arm-none-eabi/lib/thumb/v7e-m+fp/hard\libc_nano.a
LOAD C:/ST/STM32CubeIDE_1.15.0/STM32CubeIDE/plugins/com.st.stm32cube.ide.mcu.externaltools.gnu-tools-for-stm32.12.3.rel1.win32_1.1.0.202410251130/tools/bin/../lib/gcc/arm-none-eabi/12.3.1/../../../../arm-none-eabi/lib/thumb/v7e-m+fp/hard\libm.a
END GROUP
START GROUP
LOAD C:/ST/STM32CubeIDE_1.15.0/STM32CubeIDE/plugins/com.st.stm32cube.ide.mcu.externaltools.gnu-tools-for-stm32.12.3.rel1.win32_1.1.0.202410251130/tools/bin/../lib/gcc/arm-none-eabi/12.3.1/thumb/v7e-m+fp/hard\libgcc.a
LOAD C:/ST/STM32CubeIDE_1.15.0/STM32CubeIDE/plugins/com.st.stm32cube.ide.mcu.externaltools.gnu-tools-for-stm32.12.3.rel1.win32_1.1.0.202410251130/tools/bin/../lib/gcc/arm-none-eabi/12.3.1/../../../../arm-none-eabi/lib/thumb/v7e-m+fp/hard\libc_nano.a
END GROUP
START GROUP
LOAD C:/ST/STM32CubeIDE_1.15.0/STM32CubeIDE/plugins/com.st.stm32cube.ide.mcu.externaltools.gnu-tools-for-stm32.12.3.rel1.win32_1.1.0.202410251130/tools/bin/../lib/gcc/arm-none-eabi/12.3.1/thumb/v7e-m+fp/hard\libgcc.a
LOAD C:/ST/STM32CubeIDE_1.15.0/STM32CubeIDE/plugins/com.st.stm32cube.ide.mcu.externaltools.gnu-tools-for-stm32.12.3.rel1.win32_1.1.0.202410251130/tools/bin/../lib/gcc/arm-none-eabi/12.3.1/../../../../arm-none-eabi/lib/thumb/v7e-m+fp/hard\libc_nano.a
LOAD C:/ST/STM32CubeIDE_1.15.0/STM32CubeIDE/plugins/com.st.stm32cube.ide.mcu.externaltools.gnu-tools-for-stm32.12.3.rel1.win32_1.1.0.202410251130/tools/bin/../lib/gcc/arm-none-eabi/12.3.1/../../../../arm-none-eabi/lib/thumb/v7e-m+fp/hard\libnosys.a
END GROUP
START GROUP
LOAD C:/ST/STM32CubeIDE_1.15.0/STM32CubeIDE/plugins/com.st.stm32cube.ide.mcu.externaltools.gnu-tools-for-stm32.12.3.rel1.win32_1.1.0.202410251130/tools/bin/../lib/gcc/arm-none-eabi/12.3.1/thumb/v7e-m+fp/hard\libgcc.a
LOAD C:/ST/STM32CubeIDE_1.15.0/STM32CubeIDE/plugins/com.st.stm32cube.ide.mcu.externaltools.gnu-tools-for-stm32.12.3.rel1.win32_1.1.0.202410251130/tools/bin/../lib/gcc/arm-none-eabi/12.3.1/../../../../arm-none-eabi/lib/thumb/v7e-m+fp/hard\libc_nano.a
LOAD C:/ST/STM32CubeIDE_1.15.0/STM32CubeIDE/plugins/com.st.stm32cube.ide.mcu.externaltools.gnu-tools-for-stm32.12.3.rel1.win32_1.1.0.202410251130/tools/bin/../lib/gcc/arm-none-eabi/12.3.1/../../../../arm-none-eabi/lib/thumb/v7e-m+fp/hard\libnosys.a
END GROUP
LOAD C:/ST/STM32CubeIDE_1.15.0/STM32CubeIDE/plugins/com.st.stm32cube.ide.mcu.externaltools.gnu-tools-for-stm32.12.3.rel1.win32_1.1.0.202410251130/tools/bin/../lib/gcc/arm-none-eabi/12.3.1/thumb/v7e-m+fp/hard/crtend.o
LOAD C:/ST/STM32CubeIDE_1.15.0/STM32CubeIDE/plugins/com.st.stm32cube.ide.mcu.externaltools.gnu-tools-for-stm32.12.3.rel1.win32_1.1.0.202410251130/tools/bin/../lib/gcc/arm-none-eabi/12.3.1/thumb/v7e-m+fp/hard/crtn.o
                0x20018000                        _estack = (ORIGIN (RAM) + LENGTH (RAM))
                0x00000200                        _Min_Heap_Size = 0x200
                0x00000400                        _Min_Stack_Size = 0x400

.isr_vector     0x08000000      0x188
                0x08000000                        . = ALIGN (0x4)
 *(.isr_vector)
 .isr_vector    0x08000000      0x188 ./Core/Startup/startup_stm32l476rgtx.o
                0x08000000                g_pfnVectors
                0x08000188                        . = ALIGN (0x4)

.text           0x08000188     0x2d98
                0x08000188                        . = ALIGN (0x4)
 *(.text)
 .text          0x08000188       0x40 C:/ST/STM32CubeIDE_1.15.0/STM32CubeIDE/plugins/com.st.stm32cube.ide.mcu.externaltools.gnu-tools-for-stm32.12.3.rel1.win32_1.1.0.202410251130/tools/bin/../lib/gcc/arm-none-eabi/12.3.1/thumb/v7e-m+fp/hard/crtbegin.o
 .text          0x080001c8      0x378 C:/ST/STM32CubeIDE_1.15.0/STM32CubeIDE/plugins/com.st.stm32cube.ide.mcu.externaltools.gnu-tools-for-stm32.12.3.rel1.win32_1.1.0.202410251130/tools/bin/../lib/gcc/arm-none-eabi/12.3.1/thumb/v7e-m+fp/hard\libgcc.a(_arm_addsubdf3.o)
                0x080001c8                __aeabi_drsub
                0x080001d0                __aeabi_dsub
                0x080001d0                __subdf3
                0x080001d4                __aeabi_dadd
                0x080001d4                __adddf3
                0x0800044c                __floatunsidf
                0x0800044c                __aeabi_ui2d
                0x0800046c                __floatsidf
                0x0800046c                __aeabi_i2d
                0x08000490                __aeabi_f2d
                0x08000490                __extendsfdf2
                0x080004d4                __floatundidf
                0x080004d4                __aeabi_ul2d
                0x080004e4                __floatdidf
                0x080004e4                __aeabi_l2d
 .text          0x08000540      0x424 C:/ST/STM32CubeIDE_1.15.0/STM32CubeIDE/plugins/com.st.stm32cube.ide.mcu.externaltools.gnu-tools-for-stm32.12.3.rel1.win32_1.1.0.202410251130/tools/bin/../lib/gcc/arm-none-eabi/12.3.1/thumb/v7e-m+fp/hard\libgcc.a(_arm_muldivdf3.o)
                0x08000540                __aeabi_dmul
                0x08000540                __muldf3
                0x08000794                __divdf3
                0x08000794                __aeabi_ddiv
 .text          0x08000964       0xa0 C:/ST/STM32CubeIDE_1.15.0/STM32CubeIDE/plugins/com.st.stm32cube.ide.mcu.externaltools.gnu-tools-for-stm32.12.3.rel1.win32_1.1.0.202410251130/tools/bin/../lib/gcc/arm-none-eabi/12.3.1/thumb/v7e-m+fp/hard\libgcc.a(_arm_truncdfsf2.o)
                0x08000964                __truncdfsf2
                0x08000964                __aeabi_d2f
 *(.text*)
 .text.ADC_init
                0x08000a04      0x1c8 ./Core/Src/ADC.o
                0x08000a04                ADC_init
 .text.ADC_collect
                0x08000bcc       0x20 ./Core/Src/ADC.o
                0x08000bcc                ADC_collect
 .text.DAC_init
                0x08000bec       0xd8 ./Core/Src/DAC1_CH1.o
                0x08000bec                DAC_init
 .text.__NVIC_EnableIRQ
                0x08000cc4       0x3c ./Core/Src/DMA.o
 .text.__NVIC_SetPriority
                0x08000d00       0x54 ./Core/Src/DMA.o
 .text.DMA_init
                0x08000d54      0x1e0 ./Core/Src/DMA.o
                0x08000d54                DMA_init
 .text.DMA_enable
                0x08000f34       0x30 ./Core/Src/DMA.o
                0x08000f34                DMA_enable
 .text.DMA1_Channel1_IRQHandler
                0x08000f64       0x84 ./Core/Src/DMA.o
                0x08000f64                DMA1_Channel1_IRQHandler
 .text.DMA2_Channel4_IRQHandler
                0x08000fe8       0x48 ./Core/Src/DMA.o
                0x08000fe8                DMA2_Channel4_IRQHandler
 .text.Delay_init
                0x08001030       0x7e ./Core/Src/Delay.o
                0x08001030                Delay_init
 *fill*         0x080010ae        0x2 
 .text.Delay_update
                0x080010b0      0x138 ./Core/Src/Delay.o
                0x080010b0                Delay_update
 .text.Delay_setLength
                0x080011e8       0x68 ./Core/Src/Delay.o
                0x080011e8                Delay_setLength
 .text.Delay_Filter_init
                0x08001250       0x5a ./Core/Src/DelayFilter.o
                0x08001250                Delay_Filter_init
 .text.HPF_init
                0x080012aa       0x38 ./Core/Src/HPF.o
                0x080012aa                HPF_init
 *fill*         0x080012e2        0x6 
 .text.HPF_setCorner
                0x080012e8       0xb8 ./Core/Src/HPF.o
                0x080012e8                HPF_setCorner
 .text.LED_Debug_init
                0x080013a0       0x9c ./Core/Src/LED_Debug.o
                0x080013a0                LED_Debug_init
 .text.LED_Debug_1_toggle
                0x0800143c       0x20 ./Core/Src/LED_Debug.o
                0x0800143c                LED_Debug_1_toggle
 .text.LED_Debug_2_toggle
                0x0800145c       0x20 ./Core/Src/LED_Debug.o
                0x0800145c                LED_Debug_2_toggle
 .text.LPF_init
                0x0800147c       0x30 ./Core/Src/LPF.o
                0x0800147c                LPF_init
 *fill*         0x080014ac        0x4 
 .text.LPF_setCorner
                0x080014b0       0xd8 ./Core/Src/LPF.o
                0x080014b0                LPF_setCorner
 .text.NoiseGate_init
                0x08001588       0x80 ./Core/Src/NoiseGate.o
                0x08001588                NoiseGate_init
 .text.NoiseGate_setThreshold
                0x08001608       0x4c ./Core/Src/NoiseGate.o
                0x08001608                NoiseGate_setThreshold
 .text.NoiseGate_setAttackReleaseTime
                0x08001654       0x6c ./Core/Src/NoiseGate.o
                0x08001654                NoiseGate_setAttackReleaseTime
 .text.TIM_init
                0x080016c0       0x54 ./Core/Src/TIM.o
                0x080016c0                TIM_init
 .text.main     0x08001714      0x170 ./Core/Src/main.o
                0x08001714                main
 .text.processData
                0x08001884       0xd0 ./Core/Src/main.o
                0x08001884                processData
 .text.SystemClock_Config
                0x08001954       0x8c ./Core/Src/main.o
                0x08001954                SystemClock_Config
 .text.Error_Handler
                0x080019e0        0xc ./Core/Src/main.o
                0x080019e0                Error_Handler
 .text.HAL_MspInit
                0x080019ec       0x48 ./Core/Src/stm32l4xx_hal_msp.o
                0x080019ec                HAL_MspInit
 .text.NMI_Handler
                0x08001a34        0x8 ./Core/Src/stm32l4xx_it.o
                0x08001a34                NMI_Handler
 .text.HardFault_Handler
                0x08001a3c        0x8 ./Core/Src/stm32l4xx_it.o
                0x08001a3c                HardFault_Handler
 .text.MemManage_Handler
                0x08001a44        0x8 ./Core/Src/stm32l4xx_it.o
                0x08001a44                MemManage_Handler
 .text.BusFault_Handler
                0x08001a4c        0x8 ./Core/Src/stm32l4xx_it.o
                0x08001a4c                BusFault_Handler
 .text.UsageFault_Handler
                0x08001a54        0x8 ./Core/Src/stm32l4xx_it.o
                0x08001a54                UsageFault_Handler
 .text.SVC_Handler
                0x08001a5c        0xe ./Core/Src/stm32l4xx_it.o
                0x08001a5c                SVC_Handler
 .text.DebugMon_Handler
                0x08001a6a        0xe ./Core/Src/stm32l4xx_it.o
                0x08001a6a                DebugMon_Handler
 .text.PendSV_Handler
                0x08001a78        0xe ./Core/Src/stm32l4xx_it.o
                0x08001a78                PendSV_Handler
 .text.SysTick_Handler
                0x08001a86        0xc ./Core/Src/stm32l4xx_it.o
                0x08001a86                SysTick_Handler
 *fill*         0x08001a92        0x2 
 .text._sbrk    0x08001a94       0x6c ./Core/Src/sysmem.o
                0x08001a94                _sbrk
 .text.SystemInit
                0x08001b00       0x24 ./Core/Src/system_stm32l4xx.o
                0x08001b00                SystemInit
 .text.Reset_Handler
                0x08001b24       0x50 ./Core/Startup/startup_stm32l476rgtx.o
                0x08001b24                Reset_Handler
 .text.Default_Handler
                0x08001b74        0x2 ./Core/Startup/startup_stm32l476rgtx.o
                0x08001b74                RTC_Alarm_IRQHandler
                0x08001b74                EXTI2_IRQHandler
                0x08001b74                TIM8_TRG_COM_IRQHandler
                0x08001b74                TIM8_CC_IRQHandler
                0x08001b74                TIM1_CC_IRQHandler
                0x08001b74                TSC_IRQHandler
                0x08001b74                TAMP_STAMP_IRQHandler
                0x08001b74                EXTI3_IRQHandler
                0x08001b74                LPTIM2_IRQHandler
                0x08001b74                DFSDM1_FLT1_IRQHandler
                0x08001b74                I2C3_ER_IRQHandler
                0x08001b74                DFSDM1_FLT2_IRQHandler
                0x08001b74                EXTI0_IRQHandler
                0x08001b74                I2C2_EV_IRQHandler
                0x08001b74                CAN1_RX0_IRQHandler
                0x08001b74                FPU_IRQHandler
                0x08001b74                TIM1_UP_TIM16_IRQHandler
                0x08001b74                ADC1_2_IRQHandler
                0x08001b74                SPI1_IRQHandler
                0x08001b74                TIM6_DAC_IRQHandler
                0x08001b74                TIM8_UP_IRQHandler
                0x08001b74                DMA2_Channel2_IRQHandler
                0x08001b74                DMA1_Channel4_IRQHandler
                0x08001b74                SAI2_IRQHandler
                0x08001b74                DFSDM1_FLT3_IRQHandler
                0x08001b74                USART3_IRQHandler
                0x08001b74                DMA1_Channel7_IRQHandler
                0x08001b74                CAN1_RX1_IRQHandler
                0x08001b74                LCD_IRQHandler
                0x08001b74                UART5_IRQHandler
                0x08001b74                ADC3_IRQHandler
                0x08001b74                TIM4_IRQHandler
                0x08001b74                DMA2_Channel1_IRQHandler
                0x08001b74                QUADSPI_IRQHandler
                0x08001b74                I2C1_EV_IRQHandler
                0x08001b74                DMA1_Channel6_IRQHandler
                0x08001b74                UART4_IRQHandler
                0x08001b74                TIM3_IRQHandler
                0x08001b74                RCC_IRQHandler
                0x08001b74                Default_Handler
                0x08001b74                DMA2_Channel7_IRQHandler
                0x08001b74                EXTI15_10_IRQHandler
                0x08001b74                TIM7_IRQHandler
                0x08001b74                SDMMC1_IRQHandler
                0x08001b74                TIM5_IRQHandler
                0x08001b74                I2C3_EV_IRQHandler
                0x08001b74                EXTI9_5_IRQHandler
                0x08001b74                RTC_WKUP_IRQHandler
                0x08001b74                PVD_PVM_IRQHandler
                0x08001b74                SPI2_IRQHandler
                0x08001b74                CAN1_TX_IRQHandler
                0x08001b74                DMA2_Channel5_IRQHandler
                0x08001b74                DMA1_Channel5_IRQHandler
                0x08001b74                EXTI4_IRQHandler
                0x08001b74                RNG_IRQHandler
                0x08001b74                TIM1_TRG_COM_TIM17_IRQHandler
                0x08001b74                DMA1_Channel3_IRQHandler
                0x08001b74                COMP_IRQHandler
                0x08001b74                WWDG_IRQHandler
                0x08001b74                LPUART1_IRQHandler
                0x08001b74                DMA2_Channel6_IRQHandler
                0x08001b74                TIM2_IRQHandler
                0x08001b74                EXTI1_IRQHandler
                0x08001b74                USART2_IRQHandler
                0x08001b74                DFSDM1_FLT0_IRQHandler
                0x08001b74                I2C2_ER_IRQHandler
                0x08001b74                DMA1_Channel2_IRQHandler
                0x08001b74                TIM8_BRK_IRQHandler
                0x08001b74                CAN1_SCE_IRQHandler
                0x08001b74                FLASH_IRQHandler
                0x08001b74                USART1_IRQHandler
                0x08001b74                OTG_FS_IRQHandler
                0x08001b74                SPI3_IRQHandler
                0x08001b74                I2C1_ER_IRQHandler
                0x08001b74                FMC_IRQHandler
                0x08001b74                SWPMI1_IRQHandler
                0x08001b74                LPTIM1_IRQHandler
                0x08001b74                SAI1_IRQHandler
                0x08001b74                DMA2_Channel3_IRQHandler
                0x08001b74                TIM1_BRK_TIM15_IRQHandler
 .text.HAL_Init
                0x08001b76       0x30 ./Drivers/STM32L4xx_HAL_Driver/Src/stm32l4xx_hal.o
                0x08001b76                HAL_Init
 *fill*         0x08001ba6        0x2 
 .text.HAL_InitTick
                0x08001ba8       0x78 ./Drivers/STM32L4xx_HAL_Driver/Src/stm32l4xx_hal.o
                0x08001ba8                HAL_InitTick
 .text.HAL_IncTick
                0x08001c20       0x28 ./Drivers/STM32L4xx_HAL_Driver/Src/stm32l4xx_hal.o
                0x08001c20                HAL_IncTick
 .text.HAL_GetTick
                0x08001c48       0x18 ./Drivers/STM32L4xx_HAL_Driver/Src/stm32l4xx_hal.o
                0x08001c48                HAL_GetTick
 .text.__NVIC_SetPriorityGrouping
                0x08001c60       0x48 ./Drivers/STM32L4xx_HAL_Driver/Src/stm32l4xx_hal_cortex.o
 .text.__NVIC_GetPriorityGrouping
                0x08001ca8       0x1c ./Drivers/STM32L4xx_HAL_Driver/Src/stm32l4xx_hal_cortex.o
 .text.__NVIC_SetPriority
                0x08001cc4       0x54 ./Drivers/STM32L4xx_HAL_Driver/Src/stm32l4xx_hal_cortex.o
 .text.NVIC_EncodePriority
                0x08001d18       0x66 ./Drivers/STM32L4xx_HAL_Driver/Src/stm32l4xx_hal_cortex.o
 *fill*         0x08001d7e        0x2 
 .text.SysTick_Config
                0x08001d80       0x44 ./Drivers/STM32L4xx_HAL_Driver/Src/stm32l4xx_hal_cortex.o
 .text.HAL_NVIC_SetPriorityGrouping
                0x08001dc4       0x16 ./Drivers/STM32L4xx_HAL_Driver/Src/stm32l4xx_hal_cortex.o
                0x08001dc4                HAL_NVIC_SetPriorityGrouping
 .text.HAL_NVIC_SetPriority
                0x08001dda       0x38 ./Drivers/STM32L4xx_HAL_Driver/Src/stm32l4xx_hal_cortex.o
                0x08001dda                HAL_NVIC_SetPriority
 .text.HAL_SYSTICK_Config
                0x08001e12       0x18 ./Drivers/STM32L4xx_HAL_Driver/Src/stm32l4xx_hal_cortex.o
                0x08001e12                HAL_SYSTICK_Config
 *fill*         0x08001e2a        0x2 
 .text.HAL_PWREx_GetVoltageRange
                0x08001e2c       0x1c ./Drivers/STM32L4xx_HAL_Driver/Src/stm32l4xx_hal_pwr_ex.o
                0x08001e2c                HAL_PWREx_GetVoltageRange
 .text.HAL_PWREx_ControlVoltageScaling
                0x08001e48       0xac ./Drivers/STM32L4xx_HAL_Driver/Src/stm32l4xx_hal_pwr_ex.o
                0x08001e48                HAL_PWREx_ControlVoltageScaling
 .text.HAL_RCC_OscConfig
                0x08001ef4      0x7b8 ./Drivers/STM32L4xx_HAL_Driver/Src/stm32l4xx_hal_rcc.o
                0x08001ef4                HAL_RCC_OscConfig
 .text.HAL_RCC_ClockConfig
                0x080026ac      0x200 ./Drivers/STM32L4xx_HAL_Driver/Src/stm32l4xx_hal_rcc.o
                0x080026ac                HAL_RCC_ClockConfig
 .text.HAL_RCC_GetSysClockFreq
                0x080028ac      0x118 ./Drivers/STM32L4xx_HAL_Driver/Src/stm32l4xx_hal_rcc.o
                0x080028ac                HAL_RCC_GetSysClockFreq
 .text.RCC_SetFlashLatencyFromMSIRange
                0x080029c4       0xc0 ./Drivers/STM32L4xx_HAL_Driver/Src/stm32l4xx_hal_rcc.o
 .text.calloc   0x08002a84       0x10 C:/ST/STM32CubeIDE_1.15.0/STM32CubeIDE/plugins/com.st.stm32cube.ide.mcu.externaltools.gnu-tools-for-stm32.12.3.rel1.win32_1.1.0.202410251130/tools/bin/../lib/gcc/arm-none-eabi/12.3.1/../../../../arm-none-eabi/lib/thumb/v7e-m+fp/hard\libc_nano.a(libc_a-calloc.o)
                0x08002a84                calloc
 .text._calloc_r
                0x08002a94       0x28 C:/ST/STM32CubeIDE_1.15.0/STM32CubeIDE/plugins/com.st.stm32cube.ide.mcu.externaltools.gnu-tools-for-stm32.12.3.rel1.win32_1.1.0.202410251130/tools/bin/../lib/gcc/arm-none-eabi/12.3.1/../../../../arm-none-eabi/lib/thumb/v7e-m+fp/hard\libc_nano.a(libc_a-callocr.o)
                0x08002a94                _calloc_r
 .text.sbrk_aligned
                0x08002abc       0x44 C:/ST/STM32CubeIDE_1.15.0/STM32CubeIDE/plugins/com.st.stm32cube.ide.mcu.externaltools.gnu-tools-for-stm32.12.3.rel1.win32_1.1.0.202410251130/tools/bin/../lib/gcc/arm-none-eabi/12.3.1/../../../../arm-none-eabi/lib/thumb/v7e-m+fp/hard\libc_nano.a(libc_a-mallocr.o)
 .text._malloc_r
                0x08002b00      0x100 C:/ST/STM32CubeIDE_1.15.0/STM32CubeIDE/plugins/com.st.stm32cube.ide.mcu.externaltools.gnu-tools-for-stm32.12.3.rel1.win32_1.1.0.202410251130/tools/bin/../lib/gcc/arm-none-eabi/12.3.1/../../../../arm-none-eabi/lib/thumb/v7e-m+fp/hard\libc_nano.a(libc_a-mallocr.o)
                0x08002b00                _malloc_r
 .text.__malloc_lock
                0x08002c00        0xc C:/ST/STM32CubeIDE_1.15.0/STM32CubeIDE/plugins/com.st.stm32cube.ide.mcu.externaltools.gnu-tools-for-stm32.12.3.rel1.win32_1.1.0.202410251130/tools/bin/../lib/gcc/arm-none-eabi/12.3.1/../../../../arm-none-eabi/lib/thumb/v7e-m+fp/hard\libc_nano.a(libc_a-mlock.o)
                0x08002c00                __malloc_lock
 .text.__malloc_unlock
                0x08002c0c        0xc C:/ST/STM32CubeIDE_1.15.0/STM32CubeIDE/plugins/com.st.stm32cube.ide.mcu.externaltools.gnu-tools-for-stm32.12.3.rel1.win32_1.1.0.202410251130/tools/bin/../lib/gcc/arm-none-eabi/12.3.1/../../../../arm-none-eabi/lib/thumb/v7e-m+fp/hard\libc_nano.a(libc_a-mlock.o)
                0x08002c0c                __malloc_unlock
 .text.memset   0x08002c18       0x10 C:/ST/STM32CubeIDE_1.15.0/STM32CubeIDE/plugins/com.st.stm32cube.ide.mcu.externaltools.gnu-tools-for-stm32.12.3.rel1.win32_1.1.0.202410251130/tools/bin/../lib/gcc/arm-none-eabi/12.3.1/../../../../arm-none-eabi/lib/thumb/v7e-m+fp/hard\libc_nano.a(libc_a-memset.o)
                0x08002c18                memset
 .text._sbrk_r  0x08002c28       0x20 C:/ST/STM32CubeIDE_1.15.0/STM32CubeIDE/plugins/com.st.stm32cube.ide.mcu.externaltools.gnu-tools-for-stm32.12.3.rel1.win32_1.1.0.202410251130/tools/bin/../lib/gcc/arm-none-eabi/12.3.1/../../../../arm-none-eabi/lib/thumb/v7e-m+fp/hard\libc_nano.a(libc_a-sbrkr.o)
                0x08002c28                _sbrk_r
 .text.__errno  0x08002c48        0xc C:/ST/STM32CubeIDE_1.15.0/STM32CubeIDE/plugins/com.st.stm32cube.ide.mcu.externaltools.gnu-tools-for-stm32.12.3.rel1.win32_1.1.0.202410251130/tools/bin/../lib/gcc/arm-none-eabi/12.3.1/../../../../arm-none-eabi/lib/thumb/v7e-m+fp/hard\libc_nano.a(libc_a-errno.o)
                0x08002c48                __errno
 .text.__libc_init_array
                0x08002c54       0x48 C:/ST/STM32CubeIDE_1.15.0/STM32CubeIDE/plugins/com.st.stm32cube.ide.mcu.externaltools.gnu-tools-for-stm32.12.3.rel1.win32_1.1.0.202410251130/tools/bin/../lib/gcc/arm-none-eabi/12.3.1/../../../../arm-none-eabi/lib/thumb/v7e-m+fp/hard\libc_nano.a(libc_a-init.o)
                0x08002c54                __libc_init_array
 .text.__retarget_lock_acquire_recursive
                0x08002c9c        0x2 C:/ST/STM32CubeIDE_1.15.0/STM32CubeIDE/plugins/com.st.stm32cube.ide.mcu.externaltools.gnu-tools-for-stm32.12.3.rel1.win32_1.1.0.202410251130/tools/bin/../lib/gcc/arm-none-eabi/12.3.1/../../../../arm-none-eabi/lib/thumb/v7e-m+fp/hard\libc_nano.a(libc_a-lock.o)
                0x08002c9c                __retarget_lock_acquire_recursive
 .text.__retarget_lock_release_recursive
                0x08002c9e        0x2 C:/ST/STM32CubeIDE_1.15.0/STM32CubeIDE/plugins/com.st.stm32cube.ide.mcu.externaltools.gnu-tools-for-stm32.12.3.rel1.win32_1.1.0.202410251130/tools/bin/../lib/gcc/arm-none-eabi/12.3.1/../../../../arm-none-eabi/lib/thumb/v7e-m+fp/hard\libc_nano.a(libc_a-lock.o)
                0x08002c9e                __retarget_lock_release_recursive
 .text.expf     0x08002ca0       0x6c C:/ST/STM32CubeIDE_1.15.0/STM32CubeIDE/plugins/com.st.stm32cube.ide.mcu.externaltools.gnu-tools-for-stm32.12.3.rel1.win32_1.1.0.202410251130/tools/bin/../lib/gcc/arm-none-eabi/12.3.1/../../../../arm-none-eabi/lib/thumb/v7e-m+fp/hard\libm.a(libm_a-wf_exp.o)
                0x08002ca0                expf
 .text.finitef  0x08002d0c       0x14 C:/ST/STM32CubeIDE_1.15.0/STM32CubeIDE/plugins/com.st.stm32cube.ide.mcu.externaltools.gnu-tools-for-stm32.12.3.rel1.win32_1.1.0.202410251130/tools/bin/../lib/gcc/arm-none-eabi/12.3.1/../../../../arm-none-eabi/lib/thumb/v7e-m+fp/hard\libm.a(libm_a-sf_finite.o)
                0x08002d0c                finitef
 .text.__ieee754_expf
                0x08002d20      0x19c C:/ST/STM32CubeIDE_1.15.0/STM32CubeIDE/plugins/com.st.stm32cube.ide.mcu.externaltools.gnu-tools-for-stm32.12.3.rel1.win32_1.1.0.202410251130/tools/bin/../lib/gcc/arm-none-eabi/12.3.1/../../../../arm-none-eabi/lib/thumb/v7e-m+fp/hard\libm.a(libm_a-ef_exp.o)
                0x08002d20                __ieee754_expf
 .text.with_errnof
                0x08002ebc       0x1c C:/ST/STM32CubeIDE_1.15.0/STM32CubeIDE/plugins/com.st.stm32cube.ide.mcu.externaltools.gnu-tools-for-stm32.12.3.rel1.win32_1.1.0.202410251130/tools/bin/../lib/gcc/arm-none-eabi/12.3.1/../../../../arm-none-eabi/lib/thumb/v7e-m+fp/hard\libm.a(libm_a-math_errf.o)
 .text.xflowf   0x08002ed8       0x16 C:/ST/STM32CubeIDE_1.15.0/STM32CubeIDE/plugins/com.st.stm32cube.ide.mcu.externaltools.gnu-tools-for-stm32.12.3.rel1.win32_1.1.0.202410251130/tools/bin/../lib/gcc/arm-none-eabi/12.3.1/../../../../arm-none-eabi/lib/thumb/v7e-m+fp/hard\libm.a(libm_a-math_errf.o)
 *fill*         0x08002eee        0x2 
 .text.__math_uflowf
                0x08002ef0        0xc C:/ST/STM32CubeIDE_1.15.0/STM32CubeIDE/plugins/com.st.stm32cube.ide.mcu.externaltools.gnu-tools-for-stm32.12.3.rel1.win32_1.1.0.202410251130/tools/bin/../lib/gcc/arm-none-eabi/12.3.1/../../../../arm-none-eabi/lib/thumb/v7e-m+fp/hard\libm.a(libm_a-math_errf.o)
                0x08002ef0                __math_uflowf
 .text.__math_oflowf
                0x08002efc        0xc C:/ST/STM32CubeIDE_1.15.0/STM32CubeIDE/plugins/com.st.stm32cube.ide.mcu.externaltools.gnu-tools-for-stm32.12.3.rel1.win32_1.1.0.202410251130/tools/bin/../lib/gcc/arm-none-eabi/12.3.1/../../../../arm-none-eabi/lib/thumb/v7e-m+fp/hard\libm.a(libm_a-math_errf.o)
                0x08002efc                __math_oflowf
 *(.glue_7)
 .glue_7        0x08002f08        0x0 linker stubs
 *(.glue_7t)
 .glue_7t       0x08002f08        0x0 linker stubs
 *(.eh_frame)
 .eh_frame      0x08002f08        0x0 C:/ST/STM32CubeIDE_1.15.0/STM32CubeIDE/plugins/com.st.stm32cube.ide.mcu.externaltools.gnu-tools-for-stm32.12.3.rel1.win32_1.1.0.202410251130/tools/bin/../lib/gcc/arm-none-eabi/12.3.1/thumb/v7e-m+fp/hard/crtbegin.o
 *(.init)
 .init          0x08002f08        0x4 C:/ST/STM32CubeIDE_1.15.0/STM32CubeIDE/plugins/com.st.stm32cube.ide.mcu.externaltools.gnu-tools-for-stm32.12.3.rel1.win32_1.1.0.202410251130/tools/bin/../lib/gcc/arm-none-eabi/12.3.1/thumb/v7e-m+fp/hard/crti.o
                0x08002f08                _init
 .init          0x08002f0c        0x8 C:/ST/STM32CubeIDE_1.15.0/STM32CubeIDE/plugins/com.st.stm32cube.ide.mcu.externaltools.gnu-tools-for-stm32.12.3.rel1.win32_1.1.0.202410251130/tools/bin/../lib/gcc/arm-none-eabi/12.3.1/thumb/v7e-m+fp/hard/crtn.o
 *(.fini)
 .fini          0x08002f14        0x4 C:/ST/STM32CubeIDE_1.15.0/STM32CubeIDE/plugins/com.st.stm32cube.ide.mcu.externaltools.gnu-tools-for-stm32.12.3.rel1.win32_1.1.0.202410251130/tools/bin/../lib/gcc/arm-none-eabi/12.3.1/thumb/v7e-m+fp/hard/crti.o
                0x08002f14                _fini
 .fini          0x08002f18        0x8 C:/ST/STM32CubeIDE_1.15.0/STM32CubeIDE/plugins/com.st.stm32cube.ide.mcu.externaltools.gnu-tools-for-stm32.12.3.rel1.win32_1.1.0.202410251130/tools/bin/../lib/gcc/arm-none-eabi/12.3.1/thumb/v7e-m+fp/hard/crtn.o
                0x08002f20                        . = ALIGN (0x4)
                0x08002f20                        _etext = .

.vfp11_veneer   0x08002f20        0x0
 .vfp11_veneer  0x08002f20        0x0 linker stubs

.v4_bx          0x08002f20        0x0
 .v4_bx         0x08002f20        0x0 linker stubs

.iplt           0x08002f20        0x0
 .iplt          0x08002f20        0x0 C:/ST/STM32CubeIDE_1.15.0/STM32CubeIDE/plugins/com.st.stm32cube.ide.mcu.externaltools.gnu-tools-for-stm32.12.3.rel1.win32_1.1.0.202410251130/tools/bin/../lib/gcc/arm-none-eabi/12.3.1/thumb/v7e-m+fp/hard/crtbegin.o

.rodata         0x08002f20       0x58
                0x08002f20                        . = ALIGN (0x4)
 *(.rodata)
 *(.rodata*)
 .rodata.AHBPrescTable
                0x08002f20       0x10 ./Core/Src/system_stm32l4xx.o
                0x08002f20                AHBPrescTable
 .rodata.MSIRangeTable
                0x08002f30       0x30 ./Core/Src/system_stm32l4xx.o
                0x08002f30                MSIRangeTable
 .rodata.ln2LO  0x08002f60        0x8 C:/ST/STM32CubeIDE_1.15.0/STM32CubeIDE/plugins/com.st.stm32cube.ide.mcu.externaltools.gnu-tools-for-stm32.12.3.rel1.win32_1.1.0.202410251130/tools/bin/../lib/gcc/arm-none-eabi/12.3.1/../../../../arm-none-eabi/lib/thumb/v7e-m+fp/hard\libm.a(libm_a-ef_exp.o)
 .rodata.ln2HI  0x08002f68        0x8 C:/ST/STM32CubeIDE_1.15.0/STM32CubeIDE/plugins/com.st.stm32cube.ide.mcu.externaltools.gnu-tools-for-stm32.12.3.rel1.win32_1.1.0.202410251130/tools/bin/../lib/gcc/arm-none-eabi/12.3.1/../../../../arm-none-eabi/lib/thumb/v7e-m+fp/hard\libm.a(libm_a-ef_exp.o)
 .rodata.halF   0x08002f70        0x8 C:/ST/STM32CubeIDE_1.15.0/STM32CubeIDE/plugins/com.st.stm32cube.ide.mcu.externaltools.gnu-tools-for-stm32.12.3.rel1.win32_1.1.0.202410251130/tools/bin/../lib/gcc/arm-none-eabi/12.3.1/../../../../arm-none-eabi/lib/thumb/v7e-m+fp/hard\libm.a(libm_a-ef_exp.o)
                0x08002f78                        . = ALIGN (0x4)

.ARM.extab      0x08002f78        0x0
                0x08002f78                        . = ALIGN (0x4)
 *(.ARM.extab* .gnu.linkonce.armextab.*)
                0x08002f78                        . = ALIGN (0x4)

.ARM            0x08002f78        0x0
                0x08002f78                        . = ALIGN (0x4)
                0x08002f78                        __exidx_start = .
 *(.ARM.exidx*)
                0x08002f78                        __exidx_end = .
                0x08002f78                        . = ALIGN (0x4)

.preinit_array  0x08002f78        0x0
                0x08002f78                        . = ALIGN (0x4)
                0x08002f78                        PROVIDE (__preinit_array_start = .)
 *(.preinit_array*)
                0x08002f78                        PROVIDE (__preinit_array_end = .)
                0x08002f78                        . = ALIGN (0x4)

.init_array     0x08002f78        0x4
                0x08002f78                        . = ALIGN (0x4)
                0x08002f78                        PROVIDE (__init_array_start = .)
 *(SORT_BY_NAME(.init_array.*))
 *(.init_array*)
 .init_array    0x08002f78        0x4 C:/ST/STM32CubeIDE_1.15.0/STM32CubeIDE/plugins/com.st.stm32cube.ide.mcu.externaltools.gnu-tools-for-stm32.12.3.rel1.win32_1.1.0.202410251130/tools/bin/../lib/gcc/arm-none-eabi/12.3.1/thumb/v7e-m+fp/hard/crtbegin.o
                0x08002f7c                        PROVIDE (__init_array_end = .)
                0x08002f7c                        . = ALIGN (0x4)

.fini_array     0x08002f7c        0x4
                0x08002f7c                        . = ALIGN (0x4)
                [!provide]                        PROVIDE (__fini_array_start = .)
 *(SORT_BY_NAME(.fini_array.*))
 *(.fini_array*)
 .fini_array    0x08002f7c        0x4 C:/ST/STM32CubeIDE_1.15.0/STM32CubeIDE/plugins/com.st.stm32cube.ide.mcu.externaltools.gnu-tools-for-stm32.12.3.rel1.win32_1.1.0.202410251130/tools/bin/../lib/gcc/arm-none-eabi/12.3.1/thumb/v7e-m+fp/hard/crtbegin.o
                [!provide]                        PROVIDE (__fini_array_end = .)
                0x08002f80                        . = ALIGN (0x4)
                0x08002f80                        _sidata = LOADADDR (.data)

.rel.dyn        0x08002f80        0x0
 .rel.iplt      0x08002f80        0x0 C:/ST/STM32CubeIDE_1.15.0/STM32CubeIDE/plugins/com.st.stm32cube.ide.mcu.externaltools.gnu-tools-for-stm32.12.3.rel1.win32_1.1.0.202410251130/tools/bin/../lib/gcc/arm-none-eabi/12.3.1/thumb/v7e-m+fp/hard/crtbegin.o

.data           0x20000000       0x64 load address 0x08002f80
                0x20000000                        . = ALIGN (0x4)
                0x20000000                        _sdata = .
 *(.data)
 *(.data*)
 .data.inBuffPtr
                0x20000000        0x4 ./Core/Src/main.o
                0x20000000                inBuffPtr
 .data.outBuffPtr
                0x20000004        0x4 ./Core/Src/main.o
                0x20000004                outBuffPtr
 .data.SystemCoreClock
                0x20000008        0x4 ./Core/Src/system_stm32l4xx.o
                0x20000008                SystemCoreClock
 .data.uwTickPrio
                0x2000000c        0x4 ./Drivers/STM32L4xx_HAL_Driver/Src/stm32l4xx_hal.o
                0x2000000c                uwTickPrio
 .data.uwTickFreq
                0x20000010        0x1 ./Drivers/STM32L4xx_HAL_Driver/Src/stm32l4xx_hal.o
                0x20000010                uwTickFreq
 *fill*         0x20000011        0x3 
 .data._impure_ptr
                0x20000014        0x4 C:/ST/STM32CubeIDE_1.15.0/STM32CubeIDE/plugins/com.st.stm32cube.ide.mcu.externaltools.gnu-tools-for-stm32.12.3.rel1.win32_1.1.0.202410251130/tools/bin/../lib/gcc/arm-none-eabi/12.3.1/../../../../arm-none-eabi/lib/thumb/v7e-m+fp/hard\libc_nano.a(libc_a-impure.o)
                0x20000014                _impure_ptr
 .data._impure_data
                0x20000018       0x4c C:/ST/STM32CubeIDE_1.15.0/STM32CubeIDE/plugins/com.st.stm32cube.ide.mcu.externaltools.gnu-tools-for-stm32.12.3.rel1.win32_1.1.0.202410251130/tools/bin/../lib/gcc/arm-none-eabi/12.3.1/../../../../arm-none-eabi/lib/thumb/v7e-m+fp/hard\libc_nano.a(libc_a-impure.o)
                0x20000018                _impure_data
 *(.RamFunc)
 *(.RamFunc*)
                0x20000064                        . = ALIGN (0x4)
                0x20000064                        _edata = .

.igot.plt       0x20000064        0x0 load address 0x08002fe4
 .igot.plt      0x20000064        0x0 C:/ST/STM32CubeIDE_1.15.0/STM32CubeIDE/plugins/com.st.stm32cube.ide.mcu.externaltools.gnu-tools-for-stm32.12.3.rel1.win32_1.1.0.202410251130/tools/bin/../lib/gcc/arm-none-eabi/12.3.1/thumb/v7e-m+fp/hard/crtbegin.o
                0x20000064                        . = ALIGN (0x4)

.bss            0x20000064      0x190 load address 0x08002fe4
                0x20000064                        _sbss = .
                0x20000064                        __bss_start__ = _sbss
 *(.bss)
 .bss           0x20000064       0x1c C:/ST/STM32CubeIDE_1.15.0/STM32CubeIDE/plugins/com.st.stm32cube.ide.mcu.externaltools.gnu-tools-for-stm32.12.3.rel1.win32_1.1.0.202410251130/tools/bin/../lib/gcc/arm-none-eabi/12.3.1/thumb/v7e-m+fp/hard/crtbegin.o
 *(.bss*)
 .bss.Data_Ready_Flag
                0x20000080        0x1 ./Core/Src/main.o
                0x20000080                Data_Ready_Flag
 *fill*         0x20000081        0x3 
 .bss.inBuff    0x20000084        0xc ./Core/Src/main.o
                0x20000084                inBuff
 .bss.outBuff   0x20000090        0xc ./Core/Src/main.o
                0x20000090                outBuff
 .bss.inVal.1   0x2000009c        0x4 ./Core/Src/main.o
 .bss.outVal.0  0x200000a0        0x4 ./Core/Src/main.o
 .bss.__sbrk_heap_end
                0x200000a4        0x4 ./Core/Src/sysmem.o
 .bss.uwTick    0x200000a8        0x4 ./Drivers/STM32L4xx_HAL_Driver/Src/stm32l4xx_hal.o
                0x200000a8                uwTick
 .bss.__malloc_sbrk_start
                0x200000ac        0x4 C:/ST/STM32CubeIDE_1.15.0/STM32CubeIDE/plugins/com.st.stm32cube.ide.mcu.externaltools.gnu-tools-for-stm32.12.3.rel1.win32_1.1.0.202410251130/tools/bin/../lib/gcc/arm-none-eabi/12.3.1/../../../../arm-none-eabi/lib/thumb/v7e-m+fp/hard\libc_nano.a(libc_a-mallocr.o)
                0x200000ac                __malloc_sbrk_start
 .bss.__malloc_free_list
                0x200000b0        0x4 C:/ST/STM32CubeIDE_1.15.0/STM32CubeIDE/plugins/com.st.stm32cube.ide.mcu.externaltools.gnu-tools-for-stm32.12.3.rel1.win32_1.1.0.202410251130/tools/bin/../lib/gcc/arm-none-eabi/12.3.1/../../../../arm-none-eabi/lib/thumb/v7e-m+fp/hard\libc_nano.a(libc_a-mallocr.o)
                0x200000b0                __malloc_free_list
 .bss.__sf      0x200000b4      0x138 C:/ST/STM32CubeIDE_1.15.0/STM32CubeIDE/plugins/com.st.stm32cube.ide.mcu.externaltools.gnu-tools-for-stm32.12.3.rel1.win32_1.1.0.202410251130/tools/bin/../lib/gcc/arm-none-eabi/12.3.1/../../../../arm-none-eabi/lib/thumb/v7e-m+fp/hard\libc_nano.a(libc_a-findfp.o)
                0x200000b4                __sf
 .bss.errno     0x200001ec        0x4 C:/ST/STM32CubeIDE_1.15.0/STM32CubeIDE/plugins/com.st.stm32cube.ide.mcu.externaltools.gnu-tools-for-stm32.12.3.rel1.win32_1.1.0.202410251130/tools/bin/../lib/gcc/arm-none-eabi/12.3.1/../../../../arm-none-eabi/lib/thumb/v7e-m+fp/hard\libc_nano.a(libc_a-reent.o)
                0x200001ec                errno
 .bss.__lock___malloc_recursive_mutex
                0x200001f0        0x1 C:/ST/STM32CubeIDE_1.15.0/STM32CubeIDE/plugins/com.st.stm32cube.ide.mcu.externaltools.gnu-tools-for-stm32.12.3.rel1.win32_1.1.0.202410251130/tools/bin/../lib/gcc/arm-none-eabi/12.3.1/../../../../arm-none-eabi/lib/thumb/v7e-m+fp/hard\libc_nano.a(libc_a-lock.o)
                0x200001f0                __lock___malloc_recursive_mutex
 *(COMMON)
                0x200001f4                        . = ALIGN (0x4)
 *fill*         0x200001f1        0x3 
                0x200001f4                        _ebss = .
                0x200001f4                        __bss_end__ = _ebss

._user_heap_stack
                0x200001f4      0x604 load address 0x08002fe4
                0x200001f8                        . = ALIGN (0x8)
 *fill*         0x200001f4        0x4 
                [!provide]                        PROVIDE (end = .)
                0x200001f8                        PROVIDE (_end = .)
                0x200003f8                        . = (. + _Min_Heap_Size)
 *fill*         0x200001f8      0x200 
                0x200007f8                        . = (. + _Min_Stack_Size)
 *fill*         0x200003f8      0x400 
                0x200007f8                        . = ALIGN (0x8)

/DISCARD/
 libc.a(*)
 libm.a(*)
 libgcc.a(*)

.ARM.attributes
                0x00000000       0x30
 *(.ARM.attributes)
 .ARM.attributes
                0x00000000       0x22 C:/ST/STM32CubeIDE_1.15.0/STM32CubeIDE/plugins/com.st.stm32cube.ide.mcu.externaltools.gnu-tools-for-stm32.12.3.rel1.win32_1.1.0.202410251130/tools/bin/../lib/gcc/arm-none-eabi/12.3.1/thumb/v7e-m+fp/hard/crti.o
 .ARM.attributes
                0x00000022       0x34 C:/ST/STM32CubeIDE_1.15.0/STM32CubeIDE/plugins/com.st.stm32cube.ide.mcu.externaltools.gnu-tools-for-stm32.12.3.rel1.win32_1.1.0.202410251130/tools/bin/../lib/gcc/arm-none-eabi/12.3.1/thumb/v7e-m+fp/hard/crtbegin.o
 .ARM.attributes
                0x00000056       0x34 ./Core/Src/ADC.o
 .ARM.attributes
                0x0000008a       0x34 ./Core/Src/DAC1_CH1.o
 .ARM.attributes
                0x000000be       0x34 ./Core/Src/DMA.o
 .ARM.attributes
                0x000000f2       0x34 ./Core/Src/Delay.o
 .ARM.attributes
                0x00000126       0x34 ./Core/Src/DelayFilter.o
 .ARM.attributes
                0x0000015a       0x34 ./Core/Src/HPF.o
 .ARM.attributes
                0x0000018e       0x34 ./Core/Src/LED_Debug.o
 .ARM.attributes
                0x000001c2       0x34 ./Core/Src/LPF.o
 .ARM.attributes
                0x000001f6       0x34 ./Core/Src/NoiseGate.o
 .ARM.attributes
                0x0000022a       0x34 ./Core/Src/TIM.o
 .ARM.attributes
                0x0000025e       0x34 ./Core/Src/main.o
 .ARM.attributes
                0x00000292       0x34 ./Core/Src/stm32l4xx_hal_msp.o
 .ARM.attributes
                0x000002c6       0x34 ./Core/Src/stm32l4xx_it.o
 .ARM.attributes
                0x000002fa       0x34 ./Core/Src/sysmem.o
 .ARM.attributes
                0x0000032e       0x34 ./Core/Src/system_stm32l4xx.o
 .ARM.attributes
                0x00000362       0x21 ./Core/Startup/startup_stm32l476rgtx.o
 .ARM.attributes
                0x00000383       0x34 ./Drivers/STM32L4xx_HAL_Driver/Src/stm32l4xx_hal.o
 .ARM.attributes
                0x000003b7       0x34 ./Drivers/STM32L4xx_HAL_Driver/Src/stm32l4xx_hal_cortex.o
 .ARM.attributes
                0x000003eb       0x34 ./Drivers/STM32L4xx_HAL_Driver/Src/stm32l4xx_hal_pwr_ex.o
 .ARM.attributes
                0x0000041f       0x34 ./Drivers/STM32L4xx_HAL_Driver/Src/stm32l4xx_hal_rcc.o
 .ARM.attributes
                0x00000453       0x34 C:/ST/STM32CubeIDE_1.15.0/STM32CubeIDE/plugins/com.st.stm32cube.ide.mcu.externaltools.gnu-tools-for-stm32.12.3.rel1.win32_1.1.0.202410251130/tools/bin/../lib/gcc/arm-none-eabi/12.3.1/../../../../arm-none-eabi/lib/thumb/v7e-m+fp/hard\libc_nano.a(libc_a-calloc.o)
 .ARM.attributes
                0x00000487       0x34 C:/ST/STM32CubeIDE_1.15.0/STM32CubeIDE/plugins/com.st.stm32cube.ide.mcu.externaltools.gnu-tools-for-stm32.12.3.rel1.win32_1.1.0.202410251130/tools/bin/../lib/gcc/arm-none-eabi/12.3.1/../../../../arm-none-eabi/lib/thumb/v7e-m+fp/hard\libc_nano.a(libc_a-callocr.o)
 .ARM.attributes
                0x000004bb       0x34 C:/ST/STM32CubeIDE_1.15.0/STM32CubeIDE/plugins/com.st.stm32cube.ide.mcu.externaltools.gnu-tools-for-stm32.12.3.rel1.win32_1.1.0.202410251130/tools/bin/../lib/gcc/arm-none-eabi/12.3.1/../../../../arm-none-eabi/lib/thumb/v7e-m+fp/hard\libc_nano.a(libc_a-mallocr.o)
 .ARM.attributes
                0x000004ef       0x34 C:/ST/STM32CubeIDE_1.15.0/STM32CubeIDE/plugins/com.st.stm32cube.ide.mcu.externaltools.gnu-tools-for-stm32.12.3.rel1.win32_1.1.0.202410251130/tools/bin/../lib/gcc/arm-none-eabi/12.3.1/../../../../arm-none-eabi/lib/thumb/v7e-m+fp/hard\libc_nano.a(libc_a-mlock.o)
 .ARM.attributes
                0x00000523       0x34 C:/ST/STM32CubeIDE_1.15.0/STM32CubeIDE/plugins/com.st.stm32cube.ide.mcu.externaltools.gnu-tools-for-stm32.12.3.rel1.win32_1.1.0.202410251130/tools/bin/../lib/gcc/arm-none-eabi/12.3.1/../../../../arm-none-eabi/lib/thumb/v7e-m+fp/hard\libc_nano.a(libc_a-findfp.o)
 .ARM.attributes
                0x00000557       0x34 C:/ST/STM32CubeIDE_1.15.0/STM32CubeIDE/plugins/com.st.stm32cube.ide.mcu.externaltools.gnu-tools-for-stm32.12.3.rel1.win32_1.1.0.202410251130/tools/bin/../lib/gcc/arm-none-eabi/12.3.1/../../../../arm-none-eabi/lib/thumb/v7e-m+fp/hard\libc_nano.a(libc_a-memset.o)
 .ARM.attributes
                0x0000058b       0x34 C:/ST/STM32CubeIDE_1.15.0/STM32CubeIDE/plugins/com.st.stm32cube.ide.mcu.externaltools.gnu-tools-for-stm32.12.3.rel1.win32_1.1.0.202410251130/tools/bin/../lib/gcc/arm-none-eabi/12.3.1/../../../../arm-none-eabi/lib/thumb/v7e-m+fp/hard\libc_nano.a(libc_a-reent.o)
 .ARM.attributes
                0x000005bf       0x34 C:/ST/STM32CubeIDE_1.15.0/STM32CubeIDE/plugins/com.st.stm32cube.ide.mcu.externaltools.gnu-tools-for-stm32.12.3.rel1.win32_1.1.0.202410251130/tools/bin/../lib/gcc/arm-none-eabi/12.3.1/../../../../arm-none-eabi/lib/thumb/v7e-m+fp/hard\libc_nano.a(libc_a-impure.o)
 .ARM.attributes
                0x000005f3       0x34 C:/ST/STM32CubeIDE_1.15.0/STM32CubeIDE/plugins/com.st.stm32cube.ide.mcu.externaltools.gnu-tools-for-stm32.12.3.rel1.win32_1.1.0.202410251130/tools/bin/../lib/gcc/arm-none-eabi/12.3.1/../../../../arm-none-eabi/lib/thumb/v7e-m+fp/hard\libc_nano.a(libc_a-sbrkr.o)
 .ARM.attributes
                0x00000627       0x34 C:/ST/STM32CubeIDE_1.15.0/STM32CubeIDE/plugins/com.st.stm32cube.ide.mcu.externaltools.gnu-tools-for-stm32.12.3.rel1.win32_1.1.0.202410251130/tools/bin/../lib/gcc/arm-none-eabi/12.3.1/../../../../arm-none-eabi/lib/thumb/v7e-m+fp/hard\libc_nano.a(libc_a-errno.o)
 .ARM.attributes
                0x0000065b       0x34 C:/ST/STM32CubeIDE_1.15.0/STM32CubeIDE/plugins/com.st.stm32cube.ide.mcu.externaltools.gnu-tools-for-stm32.12.3.rel1.win32_1.1.0.202410251130/tools/bin/../lib/gcc/arm-none-eabi/12.3.1/../../../../arm-none-eabi/lib/thumb/v7e-m+fp/hard\libc_nano.a(libc_a-init.o)
 .ARM.attributes
                0x0000068f       0x34 C:/ST/STM32CubeIDE_1.15.0/STM32CubeIDE/plugins/com.st.stm32cube.ide.mcu.externaltools.gnu-tools-for-stm32.12.3.rel1.win32_1.1.0.202410251130/tools/bin/../lib/gcc/arm-none-eabi/12.3.1/../../../../arm-none-eabi/lib/thumb/v7e-m+fp/hard\libc_nano.a(libc_a-lock.o)
 .ARM.attributes
                0x000006c3       0x34 C:/ST/STM32CubeIDE_1.15.0/STM32CubeIDE/plugins/com.st.stm32cube.ide.mcu.externaltools.gnu-tools-for-stm32.12.3.rel1.win32_1.1.0.202410251130/tools/bin/../lib/gcc/arm-none-eabi/12.3.1/../../../../arm-none-eabi/lib/thumb/v7e-m+fp/hard\libm.a(libm_a-wf_exp.o)
 .ARM.attributes
                0x000006f7       0x34 C:/ST/STM32CubeIDE_1.15.0/STM32CubeIDE/plugins/com.st.stm32cube.ide.mcu.externaltools.gnu-tools-for-stm32.12.3.rel1.win32_1.1.0.202410251130/tools/bin/../lib/gcc/arm-none-eabi/12.3.1/../../../../arm-none-eabi/lib/thumb/v7e-m+fp/hard\libm.a(libm_a-sf_finite.o)
 .ARM.attributes
                0x0000072b       0x34 C:/ST/STM32CubeIDE_1.15.0/STM32CubeIDE/plugins/com.st.stm32cube.ide.mcu.externaltools.gnu-tools-for-stm32.12.3.rel1.win32_1.1.0.202410251130/tools/bin/../lib/gcc/arm-none-eabi/12.3.1/../../../../arm-none-eabi/lib/thumb/v7e-m+fp/hard\libm.a(libm_a-ef_exp.o)
 .ARM.attributes
                0x0000075f       0x34 C:/ST/STM32CubeIDE_1.15.0/STM32CubeIDE/plugins/com.st.stm32cube.ide.mcu.externaltools.gnu-tools-for-stm32.12.3.rel1.win32_1.1.0.202410251130/tools/bin/../lib/gcc/arm-none-eabi/12.3.1/../../../../arm-none-eabi/lib/thumb/v7e-m+fp/hard\libm.a(libm_a-math_errf.o)
 .ARM.attributes
                0x00000793       0x22 C:/ST/STM32CubeIDE_1.15.0/STM32CubeIDE/plugins/com.st.stm32cube.ide.mcu.externaltools.gnu-tools-for-stm32.12.3.rel1.win32_1.1.0.202410251130/tools/bin/../lib/gcc/arm-none-eabi/12.3.1/thumb/v7e-m+fp/hard\libgcc.a(_arm_addsubdf3.o)
 .ARM.attributes
                0x000007b5       0x22 C:/ST/STM32CubeIDE_1.15.0/STM32CubeIDE/plugins/com.st.stm32cube.ide.mcu.externaltools.gnu-tools-for-stm32.12.3.rel1.win32_1.1.0.202410251130/tools/bin/../lib/gcc/arm-none-eabi/12.3.1/thumb/v7e-m+fp/hard\libgcc.a(_arm_muldivdf3.o)
 .ARM.attributes
                0x000007d7       0x22 C:/ST/STM32CubeIDE_1.15.0/STM32CubeIDE/plugins/com.st.stm32cube.ide.mcu.externaltools.gnu-tools-for-stm32.12.3.rel1.win32_1.1.0.202410251130/tools/bin/../lib/gcc/arm-none-eabi/12.3.1/thumb/v7e-m+fp/hard\libgcc.a(_arm_truncdfsf2.o)
 .ARM.attributes
                0x000007f9       0x22 C:/ST/STM32CubeIDE_1.15.0/STM32CubeIDE/plugins/com.st.stm32cube.ide.mcu.externaltools.gnu-tools-for-stm32.12.3.rel1.win32_1.1.0.202410251130/tools/bin/../lib/gcc/arm-none-eabi/12.3.1/thumb/v7e-m+fp/hard/crtn.o
OUTPUT(FXpedal.elf elf32-littlearm)
LOAD linker stubs
LOAD C:/ST/STM32CubeIDE_1.15.0/STM32CubeIDE/plugins/com.st.stm32cube.ide.mcu.externaltools.gnu-tools-for-stm32.12.3.rel1.win32_1.1.0.202410251130/tools/bin/../lib/gcc/arm-none-eabi/12.3.1/../../../../arm-none-eabi/lib/thumb/v7e-m+fp/hard\libc.a
LOAD C:/ST/STM32CubeIDE_1.15.0/STM32CubeIDE/plugins/com.st.stm32cube.ide.mcu.externaltools.gnu-tools-for-stm32.12.3.rel1.win32_1.1.0.202410251130/tools/bin/../lib/gcc/arm-none-eabi/12.3.1/../../../../arm-none-eabi/lib/thumb/v7e-m+fp/hard\libm.a
LOAD C:/ST/STM32CubeIDE_1.15.0/STM32CubeIDE/plugins/com.st.stm32cube.ide.mcu.externaltools.gnu-tools-for-stm32.12.3.rel1.win32_1.1.0.202410251130/tools/bin/../lib/gcc/arm-none-eabi/12.3.1/thumb/v7e-m+fp/hard\libgcc.a

.debug_info     0x00000000     0x6a12
 .debug_info    0x00000000      0x5c7 ./Core/Src/ADC.o
 .debug_info    0x000005c7      0x446 ./Core/Src/DAC1_CH1.o
 .debug_info    0x00000a0d      0xd16 ./Core/Src/DMA.o
 .debug_info    0x00001723      0x21c ./Core/Src/Delay.o
 .debug_info    0x0000193f      0x28e ./Core/Src/DelayFilter.o
 .debug_info    0x00001bcd      0x18f ./Core/Src/HPF.o
 .debug_info    0x00001d5c      0x362 ./Core/Src/LED_Debug.o
 .debug_info    0x000020be      0x190 ./Core/Src/LPF.o
 .debug_info    0x0000224e      0x25a ./Core/Src/NoiseGate.o
 .debug_info    0x000024a8      0x3e2 ./Core/Src/TIM.o
 .debug_info    0x0000288a      0x82b ./Core/Src/main.o
 .debug_info    0x000030b5      0x2ce ./Core/Src/stm32l4xx_hal_msp.o
 .debug_info    0x00003383      0x128 ./Core/Src/stm32l4xx_it.o
 .debug_info    0x000034ab      0x168 ./Core/Src/sysmem.o
 .debug_info    0x00003613      0x5b1 ./Core/Src/system_stm32l4xx.o
 .debug_info    0x00003bc4       0x30 ./Core/Startup/startup_stm32l476rgtx.o
 .debug_info    0x00003bf4      0xaeb ./Drivers/STM32L4xx_HAL_Driver/Src/stm32l4xx_hal.o
 .debug_info    0x000046df      0xd81 ./Drivers/STM32L4xx_HAL_Driver/Src/stm32l4xx_hal_cortex.o
 .debug_info    0x00005460      0x99e ./Drivers/STM32L4xx_HAL_Driver/Src/stm32l4xx_hal_pwr_ex.o
 .debug_info    0x00005dfe      0xc14 ./Drivers/STM32L4xx_HAL_Driver/Src/stm32l4xx_hal_rcc.o

.debug_abbrev   0x00000000     0x1a8b
 .debug_abbrev  0x00000000      0x143 ./Core/Src/ADC.o
 .debug_abbrev  0x00000143       0xb5 ./Core/Src/DAC1_CH1.o
 .debug_abbrev  0x000001f8      0x214 ./Core/Src/DMA.o
 .debug_abbrev  0x0000040c      0x13d ./Core/Src/Delay.o
 .debug_abbrev  0x00000549      0x168 ./Core/Src/DelayFilter.o
 .debug_abbrev  0x000006b1       0xd9 ./Core/Src/HPF.o
 .debug_abbrev  0x0000078a       0xb7 ./Core/Src/LED_Debug.o
 .debug_abbrev  0x00000841       0xec ./Core/Src/LPF.o
 .debug_abbrev  0x0000092d      0x126 ./Core/Src/NoiseGate.o
 .debug_abbrev  0x00000a53       0xa3 ./Core/Src/TIM.o
 .debug_abbrev  0x00000af6      0x240 ./Core/Src/main.o
 .debug_abbrev  0x00000d36       0xc6 ./Core/Src/stm32l4xx_hal_msp.o
 .debug_abbrev  0x00000dfc       0x73 ./Core/Src/stm32l4xx_it.o
 .debug_abbrev  0x00000e6f       0xbc ./Core/Src/sysmem.o
 .debug_abbrev  0x00000f2b      0x11a ./Core/Src/system_stm32l4xx.o
 .debug_abbrev  0x00001045       0x24 ./Core/Startup/startup_stm32l476rgtx.o
 .debug_abbrev  0x00001069      0x242 ./Drivers/STM32L4xx_HAL_Driver/Src/stm32l4xx_hal.o
 .debug_abbrev  0x000012ab      0x31c ./Drivers/STM32L4xx_HAL_Driver/Src/stm32l4xx_hal_cortex.o
 .debug_abbrev  0x000015c7      0x1f9 ./Drivers/STM32L4xx_HAL_Driver/Src/stm32l4xx_hal_pwr_ex.o
 .debug_abbrev  0x000017c0      0x2cb ./Drivers/STM32L4xx_HAL_Driver/Src/stm32l4xx_hal_rcc.o

.debug_aranges  0x00000000      0x758
 .debug_aranges
                0x00000000       0x28 ./Core/Src/ADC.o
 .debug_aranges
                0x00000028       0x20 ./Core/Src/DAC1_CH1.o
 .debug_aranges
                0x00000048       0x48 ./Core/Src/DMA.o
 .debug_aranges
                0x00000090       0x30 ./Core/Src/Delay.o
 .debug_aranges
                0x000000c0       0x40 ./Core/Src/DelayFilter.o
 .debug_aranges
                0x00000100       0x30 ./Core/Src/HPF.o
 .debug_aranges
                0x00000130       0x30 ./Core/Src/LED_Debug.o
 .debug_aranges
                0x00000160       0x30 ./Core/Src/LPF.o
 .debug_aranges
                0x00000190       0x38 ./Core/Src/NoiseGate.o
 .debug_aranges
                0x000001c8       0x20 ./Core/Src/TIM.o
 .debug_aranges
                0x000001e8       0x38 ./Core/Src/main.o
 .debug_aranges
                0x00000220       0x20 ./Core/Src/stm32l4xx_hal_msp.o
 .debug_aranges
                0x00000240       0x60 ./Core/Src/stm32l4xx_it.o
 .debug_aranges
                0x000002a0       0x20 ./Core/Src/sysmem.o
 .debug_aranges
                0x000002c0       0x28 ./Core/Src/system_stm32l4xx.o
 .debug_aranges
                0x000002e8       0x28 ./Core/Startup/startup_stm32l476rgtx.o
 .debug_aranges
                0x00000310      0x130 ./Drivers/STM32L4xx_HAL_Driver/Src/stm32l4xx_hal.o
 .debug_aranges
                0x00000440      0x128 ./Drivers/STM32L4xx_HAL_Driver/Src/stm32l4xx_hal_cortex.o
 .debug_aranges
                0x00000568      0x160 ./Drivers/STM32L4xx_HAL_Driver/Src/stm32l4xx_hal_pwr_ex.o
 .debug_aranges
                0x000006c8       0x90 ./Drivers/STM32L4xx_HAL_Driver/Src/stm32l4xx_hal_rcc.o

.debug_rnglists
                0x00000000      0x53b
 .debug_rnglists
                0x00000000       0x1a ./Core/Src/ADC.o
 .debug_rnglists
                0x0000001a       0x14 ./Core/Src/DAC1_CH1.o
 .debug_rnglists
                0x0000002e       0x33 ./Core/Src/DMA.o
 .debug_rnglists
                0x00000061       0x20 ./Core/Src/Delay.o
 .debug_rnglists
                0x00000081       0x2b ./Core/Src/DelayFilter.o
 .debug_rnglists
                0x000000ac       0x21 ./Core/Src/HPF.o
 .debug_rnglists
                0x000000cd       0x20 ./Core/Src/LED_Debug.o
 .debug_rnglists
                0x000000ed       0x21 ./Core/Src/LPF.o
 .debug_rnglists
                0x0000010e       0x27 ./Core/Src/NoiseGate.o
 .debug_rnglists
                0x00000135       0x13 ./Core/Src/TIM.o
 .debug_rnglists
                0x00000148       0x28 ./Core/Src/main.o
 .debug_rnglists
                0x00000170       0x13 ./Core/Src/stm32l4xx_hal_msp.o
 .debug_rnglists
                0x00000183       0x43 ./Core/Src/stm32l4xx_it.o
 .debug_rnglists
                0x000001c6       0x13 ./Core/Src/sysmem.o
 .debug_rnglists
                0x000001d9       0x1a ./Core/Src/system_stm32l4xx.o
 .debug_rnglists
                0x000001f3       0x19 ./Core/Startup/startup_stm32l476rgtx.o
 .debug_rnglists
                0x0000020c       0xdf ./Drivers/STM32L4xx_HAL_Driver/Src/stm32l4xx_hal.o
 .debug_rnglists
                0x000002eb       0xda ./Drivers/STM32L4xx_HAL_Driver/Src/stm32l4xx_hal_cortex.o
 .debug_rnglists
                0x000003c5      0x109 ./Drivers/STM32L4xx_HAL_Driver/Src/stm32l4xx_hal_pwr_ex.o
 .debug_rnglists
                0x000004ce       0x6d ./Drivers/STM32L4xx_HAL_Driver/Src/stm32l4xx_hal_rcc.o

.debug_macro    0x00000000    0x26caf
 .debug_macro   0x00000000      0x299 ./Core/Src/ADC.o
 .debug_macro   0x00000299      0xab4 ./Core/Src/ADC.o
 .debug_macro   0x00000d4d      0x19b ./Core/Src/ADC.o
 .debug_macro   0x00000ee8       0x2e ./Core/Src/ADC.o
 .debug_macro   0x00000f16       0x28 ./Core/Src/ADC.o
 .debug_macro   0x00000f3e       0x22 ./Core/Src/ADC.o
 .debug_macro   0x00000f60       0x8e ./Core/Src/ADC.o
 .debug_macro   0x00000fee       0x51 ./Core/Src/ADC.o
 .debug_macro   0x0000103f      0x103 ./Core/Src/ADC.o
 .debug_macro   0x00001142       0x6a ./Core/Src/ADC.o
 .debug_macro   0x000011ac      0x1df ./Core/Src/ADC.o
 .debug_macro   0x0000138b       0x1c ./Core/Src/ADC.o
 .debug_macro   0x000013a7       0x22 ./Core/Src/ADC.o
 .debug_macro   0x000013c9       0xfb ./Core/Src/ADC.o
 .debug_macro   0x000014c4     0x1011 ./Core/Src/ADC.o
 .debug_macro   0x000024d5      0x11f ./Core/Src/ADC.o
 .debug_macro   0x000025f4    0x1a17a ./Core/Src/ADC.o
 .debug_macro   0x0001c76e       0x6d ./Core/Src/ADC.o
 .debug_macro   0x0001c7db     0x38fb ./Core/Src/ADC.o
 .debug_macro   0x000200d6      0x189 ./Core/Src/ADC.o
 .debug_macro   0x0002025f       0x5c ./Core/Src/ADC.o
 .debug_macro   0x000202bb     0x159e ./Core/Src/ADC.o
 .debug_macro   0x00021859      0x5a5 ./Core/Src/ADC.o
 .debug_macro   0x00021dfe      0x1b9 ./Core/Src/ADC.o
 .debug_macro   0x00021fb7      0x18b ./Core/Src/ADC.o
 .debug_macro   0x00022142      0x26b ./Core/Src/ADC.o
 .debug_macro   0x000223ad      0x23d ./Core/Src/ADC.o
 .debug_macro   0x000225ea      0x241 ./Core/Src/ADC.o
 .debug_macro   0x0002282b      0x37c ./Core/Src/ADC.o
 .debug_macro   0x00022ba7       0xd6 ./Core/Src/ADC.o
 .debug_macro   0x00022c7d      0x122 ./Core/Src/ADC.o
 .debug_macro   0x00022d9f      0x3ef ./Core/Src/ADC.o
 .debug_macro   0x0002318e      0x330 ./Core/Src/ADC.o
 .debug_macro   0x000234be       0x10 ./Core/Src/ADC.o
 .debug_macro   0x000234ce       0x1c ./Core/Src/ADC.o
 .debug_macro   0x000234ea       0x61 ./Core/Src/ADC.o
 .debug_macro   0x0002354b       0x2a ./Core/Src/ADC.o
 .debug_macro   0x00023575       0x43 ./Core/Src/ADC.o
 .debug_macro   0x000235b8       0x34 ./Core/Src/ADC.o
 .debug_macro   0x000235ec       0x16 ./Core/Src/ADC.o
 .debug_macro   0x00023602       0x43 ./Core/Src/ADC.o
 .debug_macro   0x00023645       0x34 ./Core/Src/ADC.o
 .debug_macro   0x00023679       0x10 ./Core/Src/ADC.o
 .debug_macro   0x00023689       0x58 ./Core/Src/ADC.o
 .debug_macro   0x000236e1       0x8e ./Core/Src/ADC.o
 .debug_macro   0x0002376f       0x1c ./Core/Src/ADC.o
 .debug_macro   0x0002378b      0x177 ./Core/Src/ADC.o
 .debug_macro   0x00023902      0x369 ./Core/Src/ADC.o
 .debug_macro   0x00023c6b      0x19b ./Core/Src/ADC.o
 .debug_macro   0x00023e06       0x1c ./Core/Src/ADC.o
 .debug_macro   0x00023e22       0x22 ./Core/Src/ADC.o
 .debug_macro   0x00023e44       0x46 ./Core/Src/ADC.o
 .debug_macro   0x00023e8a       0x1c ./Core/Src/ADC.o
 .debug_macro   0x00023ea6      0x2a3 ./Core/Src/DAC1_CH1.o
 .debug_macro   0x00024149       0x22 ./Core/Src/DAC1_CH1.o
 .debug_macro   0x0002416b      0x2a3 ./Core/Src/DMA.o
 .debug_macro   0x0002440e       0x22 ./Core/Src/DMA.o
 .debug_macro   0x00024430      0x294 ./Core/Src/Delay.o
 .debug_macro   0x000246c4      0x2c8 ./Core/Src/DelayFilter.o
 .debug_macro   0x0002498c       0x16 ./Core/Src/DelayFilter.o
 .debug_macro   0x000249a2       0x35 ./Core/Src/DelayFilter.o
 .debug_macro   0x000249d7       0x16 ./Core/Src/DelayFilter.o
 .debug_macro   0x000249ed       0x29 ./Core/Src/DelayFilter.o
 .debug_macro   0x00024a16      0x294 ./Core/Src/HPF.o
 .debug_macro   0x00024caa      0x29a ./Core/Src/LED_Debug.o
 .debug_macro   0x00024f44      0x294 ./Core/Src/LPF.o
 .debug_macro   0x000251d8      0x294 ./Core/Src/NoiseGate.o
 .debug_macro   0x0002546c      0x2a3 ./Core/Src/TIM.o
 .debug_macro   0x0002570f       0x10 ./Core/Src/TIM.o
 .debug_macro   0x0002571f      0x323 ./Core/Src/main.o
 .debug_macro   0x00025a42       0x28 ./Core/Src/main.o
 .debug_macro   0x00025a6a       0x16 ./Core/Src/main.o
 .debug_macro   0x00025a80       0x12 ./Core/Src/main.o
 .debug_macro   0x00025a92       0x16 ./Core/Src/main.o
 .debug_macro   0x00025aa8       0x20 ./Core/Src/main.o
 .debug_macro   0x00025ac8       0xd6 ./Core/Src/main.o
 .debug_macro   0x00025b9e      0x290 ./Core/Src/stm32l4xx_hal_msp.o
 .debug_macro   0x00025e2e      0x29a ./Core/Src/stm32l4xx_it.o
 .debug_macro   0x000260c8       0xff ./Core/Src/sysmem.o
 .debug_macro   0x000261c7      0x23c ./Core/Src/sysmem.o
 .debug_macro   0x00026403      0x198 ./Core/Src/system_stm32l4xx.o
 .debug_macro   0x0002659b      0x1e6 ./Drivers/STM32L4xx_HAL_Driver/Src/stm32l4xx_hal.o
 .debug_macro   0x00026781      0x198 ./Drivers/STM32L4xx_HAL_Driver/Src/stm32l4xx_hal_cortex.o
 .debug_macro   0x00026919      0x1bc ./Drivers/STM32L4xx_HAL_Driver/Src/stm32l4xx_hal_pwr_ex.o
 .debug_macro   0x00026ad5      0x1da ./Drivers/STM32L4xx_HAL_Driver/Src/stm32l4xx_hal_rcc.o

.debug_line     0x00000000     0xb793
 .debug_line    0x00000000      0x972 ./Core/Src/ADC.o
 .debug_line    0x00000972      0x8ae ./Core/Src/DAC1_CH1.o
 .debug_line    0x00001220      0xa6c ./Core/Src/DMA.o
 .debug_line    0x00001c8c      0x8ff ./Core/Src/Delay.o
 .debug_line    0x0000258b      0x976 ./Core/Src/DelayFilter.o
 .debug_line    0x00002f01      0x8d2 ./Core/Src/HPF.o
 .debug_line    0x000037d3      0x8d2 ./Core/Src/LED_Debug.o
 .debug_line    0x000040a5      0x8d5 ./Core/Src/LPF.o
 .debug_line    0x0000497a      0x92b ./Core/Src/NoiseGate.o
 .debug_line    0x000052a5      0x874 ./Core/Src/TIM.o
 .debug_line    0x00005b19      0x9fc ./Core/Src/main.o
 .debug_line    0x00006515      0x859 ./Core/Src/stm32l4xx_hal_msp.o
 .debug_line    0x00006d6e      0x91c ./Core/Src/stm32l4xx_it.o
 .debug_line    0x0000768a      0x579 ./Core/Src/sysmem.o
 .debug_line    0x00007c03      0x77e ./Core/Src/system_stm32l4xx.o
 .debug_line    0x00008381       0x7a ./Core/Startup/startup_stm32l476rgtx.o
 .debug_line    0x000083fb      0xad9 ./Drivers/STM32L4xx_HAL_Driver/Src/stm32l4xx_hal.o
 .debug_line    0x00008ed4      0xca2 ./Drivers/STM32L4xx_HAL_Driver/Src/stm32l4xx_hal_cortex.o
 .debug_line    0x00009b76      0xccb ./Drivers/STM32L4xx_HAL_Driver/Src/stm32l4xx_hal_pwr_ex.o
 .debug_line    0x0000a841      0xf52 ./Drivers/STM32L4xx_HAL_Driver/Src/stm32l4xx_hal_rcc.o

.debug_str      0x00000000    0xe2e4c
 .debug_str     0x00000000    0xe003d ./Core/Src/ADC.o
                              0xe032c (size before relaxing)
 .debug_str     0x000e003d       0xea ./Core/Src/DAC1_CH1.o
                              0xe02a7 (size before relaxing)
 .debug_str     0x000e0127      0x695 ./Core/Src/DMA.o
                              0xe0a39 (size before relaxing)
 .debug_str     0x000e07bc       0x9d ./Core/Src/Delay.o
                              0xe00e6 (size before relaxing)
 .debug_str     0x000e0859      0x1d7 ./Core/Src/DelayFilter.o
                              0xe0227 (size before relaxing)
 .debug_str     0x000e0a30       0x5c ./Core/Src/HPF.o
                              0xe0092 (size before relaxing)
 .debug_str     0x000e0a8c       0x3a ./Core/Src/LED_Debug.o
                              0xe021c (size before relaxing)
 .debug_str     0x000e0ac6       0x39 ./Core/Src/LPF.o
                              0xe0092 (size before relaxing)
 .debug_str     0x000e0aff      0x10c ./Core/Src/NoiseGate.o
                              0xe013b (size before relaxing)
 .debug_str     0x000e0c0b       0x50 ./Core/Src/TIM.o
                              0xe021f (size before relaxing)
 .debug_str     0x000e0c5b      0x870 ./Core/Src/main.o
                              0xe0c72 (size before relaxing)
 .debug_str     0x000e14cb       0x33 ./Core/Src/stm32l4xx_hal_msp.o
                              0xe01b9 (size before relaxing)
 .debug_str     0x000e14fe       0xc9 ./Core/Src/stm32l4xx_it.o
                              0xe00f2 (size before relaxing)
 .debug_str     0x000e15c7      0x4dc ./Core/Src/sysmem.o
                               0x60cc (size before relaxing)
 .debug_str     0x000e1aa3       0x9e ./Core/Src/system_stm32l4xx.o
                              0xdc76d (size before relaxing)
 .debug_str     0x000e1b41       0x44 ./Core/Startup/startup_stm32l476rgtx.o
                                 0x7f (size before relaxing)
 .debug_str     0x000e1b85      0x660 ./Drivers/STM32L4xx_HAL_Driver/Src/stm32l4xx_hal.o
                              0xdd300 (size before relaxing)
 .debug_str     0x000e21e5      0x34d ./Drivers/STM32L4xx_HAL_Driver/Src/stm32l4xx_hal_cortex.o
                              0xdcfe6 (size before relaxing)
 .debug_str     0x000e2532      0x52a ./Drivers/STM32L4xx_HAL_Driver/Src/stm32l4xx_hal_pwr_ex.o
                              0xdccc8 (size before relaxing)
 .debug_str     0x000e2a5c      0x3f0 ./Drivers/STM32L4xx_HAL_Driver/Src/stm32l4xx_hal_rcc.o
                              0xdcdb3 (size before relaxing)

.comment        0x00000000       0x43
 .comment       0x00000000       0x43 ./Core/Src/ADC.o
                                 0x44 (size before relaxing)
 .comment       0x00000043       0x44 ./Core/Src/DAC1_CH1.o
 .comment       0x00000043       0x44 ./Core/Src/DMA.o
 .comment       0x00000043       0x44 ./Core/Src/Delay.o
 .comment       0x00000043       0x44 ./Core/Src/DelayFilter.o
 .comment       0x00000043       0x44 ./Core/Src/HPF.o
 .comment       0x00000043       0x44 ./Core/Src/LED_Debug.o
 .comment       0x00000043       0x44 ./Core/Src/LPF.o
 .comment       0x00000043       0x44 ./Core/Src/NoiseGate.o
 .comment       0x00000043       0x44 ./Core/Src/TIM.o
 .comment       0x00000043       0x44 ./Core/Src/main.o
 .comment       0x00000043       0x44 ./Core/Src/stm32l4xx_hal_msp.o
 .comment       0x00000043       0x44 ./Core/Src/stm32l4xx_it.o
 .comment       0x00000043       0x44 ./Core/Src/sysmem.o
 .comment       0x00000043       0x44 ./Core/Src/system_stm32l4xx.o
 .comment       0x00000043       0x44 ./Drivers/STM32L4xx_HAL_Driver/Src/stm32l4xx_hal.o
 .comment       0x00000043       0x44 ./Drivers/STM32L4xx_HAL_Driver/Src/stm32l4xx_hal_cortex.o
 .comment       0x00000043       0x44 ./Drivers/STM32L4xx_HAL_Driver/Src/stm32l4xx_hal_pwr_ex.o
 .comment       0x00000043       0x44 ./Drivers/STM32L4xx_HAL_Driver/Src/stm32l4xx_hal_rcc.o

.debug_frame    0x00000000     0x1e40
 .debug_frame   0x00000000       0x58 ./Core/Src/ADC.o
 .debug_frame   0x00000058       0x30 ./Core/Src/DAC1_CH1.o
 .debug_frame   0x00000088       0xe0 ./Core/Src/DMA.o
 .debug_frame   0x00000168       0x84 ./Core/Src/Delay.o
 .debug_frame   0x000001ec       0xcc ./Core/Src/DelayFilter.o
 .debug_frame   0x000002b8       0x84 ./Core/Src/HPF.o
 .debug_frame   0x0000033c       0x70 ./Core/Src/LED_Debug.o
 .debug_frame   0x000003ac       0x84 ./Core/Src/LPF.o
 .debug_frame   0x00000430       0xa8 ./Core/Src/NoiseGate.o
 .debug_frame   0x000004d8       0x30 ./Core/Src/TIM.o
 .debug_frame   0x00000508       0x9c ./Core/Src/main.o
 .debug_frame   0x000005a4       0x38 ./Core/Src/stm32l4xx_hal_msp.o
 .debug_frame   0x000005dc      0x104 ./Core/Src/stm32l4xx_it.o
 .debug_frame   0x000006e0       0x34 ./Core/Src/sysmem.o
 .debug_frame   0x00000714       0x58 ./Core/Src/system_stm32l4xx.o
 .debug_frame   0x0000076c      0x498 ./Drivers/STM32L4xx_HAL_Driver/Src/stm32l4xx_hal.o
 .debug_frame   0x00000c04      0x4e8 ./Drivers/STM32L4xx_HAL_Driver/Src/stm32l4xx_hal_cortex.o
 .debug_frame   0x000010ec      0x584 ./Drivers/STM32L4xx_HAL_Driver/Src/stm32l4xx_hal_pwr_ex.o
 .debug_frame   0x00001670      0x21c ./Drivers/STM32L4xx_HAL_Driver/Src/stm32l4xx_hal_rcc.o
 .debug_frame   0x0000188c       0x20 C:/ST/STM32CubeIDE_1.15.0/STM32CubeIDE/plugins/com.st.stm32cube.ide.mcu.externaltools.gnu-tools-for-stm32.12.3.rel1.win32_1.1.0.202410251130/tools/bin/../lib/gcc/arm-none-eabi/12.3.1/../../../../arm-none-eabi/lib/thumb/v7e-m+fp/hard\libc_nano.a(libc_a-calloc.o)
 .debug_frame   0x000018ac       0x2c C:/ST/STM32CubeIDE_1.15.0/STM32CubeIDE/plugins/com.st.stm32cube.ide.mcu.externaltools.gnu-tools-for-stm32.12.3.rel1.win32_1.1.0.202410251130/tools/bin/../lib/gcc/arm-none-eabi/12.3.1/../../../../arm-none-eabi/lib/thumb/v7e-m+fp/hard\libc_nano.a(libc_a-callocr.o)
 .debug_frame   0x000018d8       0x50 C:/ST/STM32CubeIDE_1.15.0/STM32CubeIDE/plugins/com.st.stm32cube.ide.mcu.externaltools.gnu-tools-for-stm32.12.3.rel1.win32_1.1.0.202410251130/tools/bin/../lib/gcc/arm-none-eabi/12.3.1/../../../../arm-none-eabi/lib/thumb/v7e-m+fp/hard\libc_nano.a(libc_a-mallocr.o)
 .debug_frame   0x00001928       0x30 C:/ST/STM32CubeIDE_1.15.0/STM32CubeIDE/plugins/com.st.stm32cube.ide.mcu.externaltools.gnu-tools-for-stm32.12.3.rel1.win32_1.1.0.202410251130/tools/bin/../lib/gcc/arm-none-eabi/12.3.1/../../../../arm-none-eabi/lib/thumb/v7e-m+fp/hard\libc_nano.a(libc_a-mlock.o)
 .debug_frame   0x00001958      0x144 C:/ST/STM32CubeIDE_1.15.0/STM32CubeIDE/plugins/com.st.stm32cube.ide.mcu.externaltools.gnu-tools-for-stm32.12.3.rel1.win32_1.1.0.202410251130/tools/bin/../lib/gcc/arm-none-eabi/12.3.1/../../../../arm-none-eabi/lib/thumb/v7e-m+fp/hard\libc_nano.a(libc_a-findfp.o)
 .debug_frame   0x00001a9c       0x20 C:/ST/STM32CubeIDE_1.15.0/STM32CubeIDE/plugins/com.st.stm32cube.ide.mcu.externaltools.gnu-tools-for-stm32.12.3.rel1.win32_1.1.0.202410251130/tools/bin/../lib/gcc/arm-none-eabi/12.3.1/../../../../arm-none-eabi/lib/thumb/v7e-m+fp/hard\libc_nano.a(libc_a-memset.o)
 .debug_frame   0x00001abc       0x38 C:/ST/STM32CubeIDE_1.15.0/STM32CubeIDE/plugins/com.st.stm32cube.ide.mcu.externaltools.gnu-tools-for-stm32.12.3.rel1.win32_1.1.0.202410251130/tools/bin/../lib/gcc/arm-none-eabi/12.3.1/../../../../arm-none-eabi/lib/thumb/v7e-m+fp/hard\libc_nano.a(libc_a-reent.o)
 .debug_frame   0x00001af4       0x2c C:/ST/STM32CubeIDE_1.15.0/STM32CubeIDE/plugins/com.st.stm32cube.ide.mcu.externaltools.gnu-tools-for-stm32.12.3.rel1.win32_1.1.0.202410251130/tools/bin/../lib/gcc/arm-none-eabi/12.3.1/../../../../arm-none-eabi/lib/thumb/v7e-m+fp/hard\libc_nano.a(libc_a-sbrkr.o)
 .debug_frame   0x00001b20       0x20 C:/ST/STM32CubeIDE_1.15.0/STM32CubeIDE/plugins/com.st.stm32cube.ide.mcu.externaltools.gnu-tools-for-stm32.12.3.rel1.win32_1.1.0.202410251130/tools/bin/../lib/gcc/arm-none-eabi/12.3.1/../../../../arm-none-eabi/lib/thumb/v7e-m+fp/hard\libc_nano.a(libc_a-errno.o)
 .debug_frame   0x00001b40       0x2c C:/ST/STM32CubeIDE_1.15.0/STM32CubeIDE/plugins/com.st.stm32cube.ide.mcu.externaltools.gnu-tools-for-stm32.12.3.rel1.win32_1.1.0.202410251130/tools/bin/../lib/gcc/arm-none-eabi/12.3.1/../../../../arm-none-eabi/lib/thumb/v7e-m+fp/hard\libc_nano.a(libc_a-init.o)
 .debug_frame   0x00001b6c       0xb0 C:/ST/STM32CubeIDE_1.15.0/STM32CubeIDE/plugins/com.st.stm32cube.ide.mcu.externaltools.gnu-tools-for-stm32.12.3.rel1.win32_1.1.0.202410251130/tools/bin/../lib/gcc/arm-none-eabi/12.3.1/../../../../arm-none-eabi/lib/thumb/v7e-m+fp/hard\libc_nano.a(libc_a-lock.o)
 .debug_frame   0x00001c1c       0x3c C:/ST/STM32CubeIDE_1.15.0/STM32CubeIDE/plugins/com.st.stm32cube.ide.mcu.externaltools.gnu-tools-for-stm32.12.3.rel1.win32_1.1.0.202410251130/tools/bin/../lib/gcc/arm-none-eabi/12.3.1/../../../../arm-none-eabi/lib/thumb/v7e-m+fp/hard\libm.a(libm_a-wf_exp.o)
 .debug_frame   0x00001c58       0x20 C:/ST/STM32CubeIDE_1.15.0/STM32CubeIDE/plugins/com.st.stm32cube.ide.mcu.externaltools.gnu-tools-for-stm32.12.3.rel1.win32_1.1.0.202410251130/tools/bin/../lib/gcc/arm-none-eabi/12.3.1/../../../../arm-none-eabi/lib/thumb/v7e-m+fp/hard\libm.a(libm_a-sf_finite.o)
 .debug_frame   0x00001c78       0x20 C:/ST/STM32CubeIDE_1.15.0/STM32CubeIDE/plugins/com.st.stm32cube.ide.mcu.externaltools.gnu-tools-for-stm32.12.3.rel1.win32_1.1.0.202410251130/tools/bin/../lib/gcc/arm-none-eabi/12.3.1/../../../../arm-none-eabi/lib/thumb/v7e-m+fp/hard\libm.a(libm_a-ef_exp.o)
 .debug_frame   0x00001c98       0x88 C:/ST/STM32CubeIDE_1.15.0/STM32CubeIDE/plugins/com.st.stm32cube.ide.mcu.externaltools.gnu-tools-for-stm32.12.3.rel1.win32_1.1.0.202410251130/tools/bin/../lib/gcc/arm-none-eabi/12.3.1/../../../../arm-none-eabi/lib/thumb/v7e-m+fp/hard\libm.a(libm_a-math_errf.o)
 .debug_frame   0x00001d20       0xac C:/ST/STM32CubeIDE_1.15.0/STM32CubeIDE/plugins/com.st.stm32cube.ide.mcu.externaltools.gnu-tools-for-stm32.12.3.rel1.win32_1.1.0.202410251130/tools/bin/../lib/gcc/arm-none-eabi/12.3.1/thumb/v7e-m+fp/hard\libgcc.a(_arm_addsubdf3.o)
 .debug_frame   0x00001dcc       0x50 C:/ST/STM32CubeIDE_1.15.0/STM32CubeIDE/plugins/com.st.stm32cube.ide.mcu.externaltools.gnu-tools-for-stm32.12.3.rel1.win32_1.1.0.202410251130/tools/bin/../lib/gcc/arm-none-eabi/12.3.1/thumb/v7e-m+fp/hard\libgcc.a(_arm_muldivdf3.o)
 .debug_frame   0x00001e1c       0x24 C:/ST/STM32CubeIDE_1.15.0/STM32CubeIDE/plugins/com.st.stm32cube.ide.mcu.externaltools.gnu-tools-for-stm32.12.3.rel1.win32_1.1.0.202410251130/tools/bin/../lib/gcc/arm-none-eabi/12.3.1/thumb/v7e-m+fp/hard\libgcc.a(_arm_truncdfsf2.o)

.debug_line_str
                0x00000000       0x63
 .debug_line_str
                0x00000000       0x63 ./Core/Startup/startup_stm32l476rgtx.o
